Archive member included to satisfy reference by file (symbol)

D:/ST/STM32CubeIDE_2.1.1/STM32CubeIDE/plugins/com.st.stm32cube.ide.mcu.externaltools.gnu-tools-for-stm32.14.3.rel1.win32_1.0.100.202602081740/tools/bin/../lib/gcc/arm-none-eabi/14.3.1/../../../../arm-none-eabi/lib/thumb/v7-m/nofp\libm.a(libm_a-w_fmod.o)
                              ./Core/Src/common/foc_utils.o (fmod)
D:/ST/STM32CubeIDE_2.1.1/STM32CubeIDE/plugins/com.st.stm32cube.ide.mcu.externaltools.gnu-tools-for-stm32.14.3.rel1.win32_1.0.100.202602081740/tools/bin/../lib/gcc/arm-none-eabi/14.3.1/../../../../arm-none-eabi/lib/thumb/v7-m/nofp\libm.a(libm_a-sf_fmax.o)
                              ./Core/Src/motor_drivers/BLDCDriver3PWM.o (fmaxf)
D:/ST/STM32CubeIDE_2.1.1/STM32CubeIDE/plugins/com.st.stm32cube.ide.mcu.externaltools.gnu-tools-for-stm32.14.3.rel1.win32_1.0.100.202602081740/tools/bin/../lib/gcc/arm-none-eabi/14.3.1/../../../../arm-none-eabi/lib/thumb/v7-m/nofp\libm.a(libm_a-sf_fmin.o)
                              ./Core/Src/motor_drivers/BLDCDriver3PWM.o (fminf)
D:/ST/STM32CubeIDE_2.1.1/STM32CubeIDE/plugins/com.st.stm32cube.ide.mcu.externaltools.gnu-tools-for-stm32.14.3.rel1.win32_1.0.100.202602081740/tools/bin/../lib/gcc/arm-none-eabi/14.3.1/../../../../arm-none-eabi/lib/thumb/v7-m/nofp\libm.a(libm_a-sf_fpclassify.o)
                              D:/ST/STM32CubeIDE_2.1.1/STM32CubeIDE/plugins/com.st.stm32cube.ide.mcu.externaltools.gnu-tools-for-stm32.14.3.rel1.win32_1.0.100.202602081740/tools/bin/../lib/gcc/arm-none-eabi/14.3.1/../../../../arm-none-eabi/lib/thumb/v7-m/nofp\libm.a(libm_a-sf_fmax.o) (__fpclassifyf)
D:/ST/STM32CubeIDE_2.1.1/STM32CubeIDE/plugins/com.st.stm32cube.ide.mcu.externaltools.gnu-tools-for-stm32.14.3.rel1.win32_1.0.100.202602081740/tools/bin/../lib/gcc/arm-none-eabi/14.3.1/../../../../arm-none-eabi/lib/thumb/v7-m/nofp\libm.a(libm_a-s_floor.o)
                              ./Core/Src/BLDCMotor.o (floor)
D:/ST/STM32CubeIDE_2.1.1/STM32CubeIDE/plugins/com.st.stm32cube.ide.mcu.externaltools.gnu-tools-for-stm32.14.3.rel1.win32_1.0.100.202602081740/tools/bin/../lib/gcc/arm-none-eabi/14.3.1/../../../../arm-none-eabi/lib/thumb/v7-m/nofp\libm.a(libm_a-e_fmod.o)
                              D:/ST/STM32CubeIDE_2.1.1/STM32CubeIDE/plugins/com.st.stm32cube.ide.mcu.externaltools.gnu-tools-for-stm32.14.3.rel1.win32_1.0.100.202602081740/tools/bin/../lib/gcc/arm-none-eabi/14.3.1/../../../../arm-none-eabi/lib/thumb/v7-m/nofp\libm.a(libm_a-w_fmod.o) (__ieee754_fmod)
D:/ST/STM32CubeIDE_2.1.1/STM32CubeIDE/plugins/com.st.stm32cube.ide.mcu.externaltools.gnu-tools-for-stm32.14.3.rel1.win32_1.0.100.202602081740/tools/bin/../lib/gcc/arm-none-eabi/14.3.1/../../../../arm-none-eabi/lib/thumb/v7-m/nofp\libc_nano.a(libc_a-exit.o)
                              D:/ST/STM32CubeIDE_2.1.1/STM32CubeIDE/plugins/com.st.stm32cube.ide.mcu.externaltools.gnu-tools-for-stm32.14.3.rel1.win32_1.0.100.202602081740/tools/bin/../lib/gcc/arm-none-eabi/14.3.1/../../../../arm-none-eabi/lib/thumb/v7-m/nofp/crt0.o (exit)
D:/ST/STM32CubeIDE_2.1.1/STM32CubeIDE/plugins/com.st.stm32cube.ide.mcu.externaltools.gnu-tools-for-stm32.14.3.rel1.win32_1.0.100.202602081740/tools/bin/../lib/gcc/arm-none-eabi/14.3.1/../../../../arm-none-eabi/lib/thumb/v7-m/nofp\libc_nano.a(libc_a-findfp.o)
                              D:/ST/STM32CubeIDE_2.1.1/STM32CubeIDE/plugins/com.st.stm32cube.ide.mcu.externaltools.gnu-tools-for-stm32.14.3.rel1.win32_1.0.100.202602081740/tools/bin/../lib/gcc/arm-none-eabi/14.3.1/../../../../arm-none-eabi/lib/thumb/v7-m/nofp\libc_nano.a(libc_a-exit.o) (__stdio_exit_handler)
D:/ST/STM32CubeIDE_2.1.1/STM32CubeIDE/plugins/com.st.stm32cube.ide.mcu.externaltools.gnu-tools-for-stm32.14.3.rel1.win32_1.0.100.202602081740/tools/bin/../lib/gcc/arm-none-eabi/14.3.1/../../../../arm-none-eabi/lib/thumb/v7-m/nofp\libc_nano.a(libc_a-fwalk.o)
                              D:/ST/STM32CubeIDE_2.1.1/STM32CubeIDE/plugins/com.st.stm32cube.ide.mcu.externaltools.gnu-tools-for-stm32.14.3.rel1.win32_1.0.100.202602081740/tools/bin/../lib/gcc/arm-none-eabi/14.3.1/../../../../arm-none-eabi/lib/thumb/v7-m/nofp\libc_nano.a(libc_a-findfp.o) (_fwalk_sglue)
D:/ST/STM32CubeIDE_2.1.1/STM32CubeIDE/plugins/com.st.stm32cube.ide.mcu.externaltools.gnu-tools-for-stm32.14.3.rel1.win32_1.0.100.202602081740/tools/bin/../lib/gcc/arm-none-eabi/14.3.1/../../../../arm-none-eabi/lib/thumb/v7-m/nofp\libc_nano.a(libc_a-stdio.o)
                              D:/ST/STM32CubeIDE_2.1.1/STM32CubeIDE/plugins/com.st.stm32cube.ide.mcu.externaltools.gnu-tools-for-stm32.14.3.rel1.win32_1.0.100.202602081740/tools/bin/../lib/gcc/arm-none-eabi/14.3.1/../../../../arm-none-eabi/lib/thumb/v7-m/nofp\libc_nano.a(libc_a-findfp.o) (__sread)
D:/ST/STM32CubeIDE_2.1.1/STM32CubeIDE/plugins/com.st.stm32cube.ide.mcu.externaltools.gnu-tools-for-stm32.14.3.rel1.win32_1.0.100.202602081740/tools/bin/../lib/gcc/arm-none-eabi/14.3.1/../../../../arm-none-eabi/lib/thumb/v7-m/nofp\libc_nano.a(libc_a-memset.o)
[...]
Memory Configuration

Name             Origin             Length             Attributes
RAM              0x20000000         0x0000c000         xrw
FLASH            0x08000000         0x00040000         xr
*default*        0x00000000         0xffffffff

Linker script and memory map

LOAD D:/ST/STM32CubeIDE_2.1.1/STM32CubeIDE/plugins/com.st.stm32cube.ide.mcu.externaltools.gnu-tools-for-stm32.14.3.rel1.win32_1.0.100.202602081740/tools/bin/../lib/gcc/arm-none-eabi/14.3.1/thumb/v7-m/nofp/crti.o
LOAD D:/ST/STM32CubeIDE_2.1.1/STM32CubeIDE/plugins/com.st.stm32cube.ide.mcu.externaltools.gnu-tools-for-stm32.14.3.rel1.win32_1.0.100.202602081740/tools/bin/../lib/gcc/arm-none-eabi/14.3.1/thumb/v7-m/nofp/crtbegin.o
LOAD D:/ST/STM32CubeIDE_2.1.1/STM32CubeIDE/plugins/com.st.stm32cube.ide.mcu.externaltools.gnu-tools-for-stm32.14.3.rel1.win32_1.0.100.202602081740/tools/bin/../lib/gcc/arm-none-eabi/14.3.1/../../../../arm-none-eabi/lib/thumb/v7-m/nofp/crt0.o
LOAD ./Core/Src/BLDCMotor.o
LOAD ./Core/Src/freertos.o
LOAD ./Core/Src/gpio.o
LOAD ./Core/Src/i2c.o
LOAD ./Core/Src/main.o
LOAD ./Core/Src/stm32f1xx_hal_msp.o
LOAD ./Core/Src/stm32f1xx_it.o
LOAD ./Core/Src/syscalls.o
LOAD ./Core/Src/sysmem.o
LOAD ./Core/Src/system_stm32f1xx.o
LOAD ./Core/Src/tim.o
LOAD ./Core/Src/usart.o
LOAD ./Core/Src/common/base_classes/FOCMotor.o
LOAD ./Core/Src/common/foc_utils.o
LOAD ./Core/Src/common/lowpass_filter.o
LOAD ./Core/Src/common/pid.o
LOAD ./Core/Src/common/time_utils.o
LOAD ./Core/Src/motor_drivers/BLDCDriver3PWM.o
LOAD ./Core/Startup/startup_stm32f103rctx.o
LOAD ./Drivers/STM32F1xx_HAL_Driver/Src/stm32f1xx_hal.o
LOAD ./Drivers/STM32F1xx_HAL_Driver/Src/stm32f1xx_hal_cortex.o
LOAD ./Drivers/STM32F1xx_HAL_Driver/Src/stm32f1xx_hal_dma.o
LOAD ./Drivers/STM32F1xx_HAL_Driver/Src/stm32f1xx_hal_exti.o
LOAD ./Drivers/STM32F1xx_HAL_Driver/Src/stm32f1xx_hal_flash.o
LOAD ./Drivers/STM32F1xx_HAL_Driver/Src/stm32f1xx_hal_flash_ex.o
LOAD ./Drivers/STM32F1xx_HAL_Driver/Src/stm32f1xx_hal_gpio.o
LOAD ./Drivers/STM32F1xx_HAL_Driver/Src/stm32f1xx_hal_gpio_ex.o
LOAD ./Drivers/STM32F1xx_HAL_Driver/Src/stm32f1xx_hal_i2c.o
LOAD ./Drivers/STM32F1xx_HAL_Driver/Src/stm32f1xx_hal_pwr.o
LOAD ./Drivers/STM32F1xx_HAL_Driver/Src/stm32f1xx_hal_rcc.o
LOAD ./Drivers/STM32F1xx_HAL_Driver/Src/stm32f1xx_hal_rcc_ex.o
LOAD ./Drivers/STM32F1xx_HAL_Driver/Src/stm32f1xx_hal_tim.o
LOAD ./Drivers/STM32F1xx_HAL_Driver/Src/stm32f1xx_hal_tim_ex.o
LOAD ./Drivers/STM32F1xx_HAL_Driver/Src/stm32f1xx_hal_uart.o
LOAD ./Middlewares/Third_Party/FreeRTOS/Source/CMSIS_RTOS_V2/cmsis_os2.o
LOAD ./Middlewares/Third_Party/FreeRTOS/Source/croutine.o
LOAD ./Middlewares/Third_Party/FreeRTOS/Source/event_groups.o
LOAD ./Middlewares/Third_Party/FreeRTOS/Source/list.o
LOAD ./Middlewares/Third_Party/FreeRTOS/Source/queue.o
LOAD ./Middlewares/Third_Party/FreeRTOS/Source/stream_buffer.o
LOAD ./Middlewares/Third_Party/FreeRTOS/Source/tasks.o
LOAD ./Middlewares/Third_Party/FreeRTOS/Source/timers.o
LOAD ./Middlewares/Third_Party/FreeRTOS/Source/portable/GCC/ARM_CM3/port.o
LOAD ./Middlewares/Third_Party/FreeRTOS/Source/portable/MemMang/heap_4.o
START GROUP
LOAD D:/ST/STM32CubeIDE_2.1.1/STM32CubeIDE/plugins/com.st.stm32cube.ide.mcu.externaltools.gnu-tools-for-stm32.14.3.rel1.win32_1.0.100.202602081740/tools/bin/../lib/gcc/arm-none-eabi/14.3.1/../../../../arm-none-eabi/lib/thumb/v7-m/nofp\libstdc++_nano.a
LOAD D:/ST/STM32CubeIDE_2.1.1/STM32CubeIDE/plugins/com.st.stm32cube.ide.mcu.externaltools.gnu-tools-for-stm32.14.3.rel1.win32_1.0.100.202602081740/tools/bin/../lib/gcc/arm-none-eabi/14.3.1/../../../../arm-none-eabi/lib/thumb/v7-m/nofp\libsupc++_nano.a
END GROUP
LOAD D:/ST/STM32CubeIDE_2.1.1/STM32CubeIDE/plugins/com.st.stm32cube.ide.mcu.externaltools.gnu-tools-for-stm32.14.3.rel1.win32_1.0.100.202602081740/tools/bin/../lib/gcc/arm-none-eabi/14.3.1/../../../../arm-none-eabi/lib/thumb/v7-m/nofp\libstdc++_nano.a
LOAD D:/ST/STM32CubeIDE_2.1.1/STM32CubeIDE/plugins/com.st.stm32cube.ide.mcu.externaltools.gnu-tools-for-stm32.14.3.rel1.win32_1.0.100.202602081740/tools/bin/../lib/gcc/arm-none-eabi/14.3.1/../../../../arm-none-eabi/lib/thumb/v7-m/nofp\libm.a
LOAD D:/ST/STM32CubeIDE_2.1.1/STM32CubeIDE/plugins/com.st.stm32cube.ide.mcu.externaltools.gnu-tools-for-stm32.14.3.rel1.win32_1.0.100.202602081740/tools/bin/../lib/gcc/arm-none-eabi/14.3.1/../../../../arm-none-eabi/lib/thumb/v7-m/nofp\libc_nano.a
START GROUP
LOAD D:/ST/STM32CubeIDE_2.1.1/STM32CubeIDE/plugins/com.st.stm32cube.ide.mcu.externaltools.gnu-tools-for-stm32.14.3.rel1.win32_1.0.100.202602081740/tools/bin/../lib/gcc/arm-none-eabi/14.3.1/thumb/v7-m/nofp\libgcc.a
LOAD D:/ST/STM32CubeIDE_2.1.1/STM32CubeIDE/plugins/com.st.stm32cube.ide.mcu.externaltools.gnu-tools-for-stm32.14.3.rel1.win32_1.0.100.202602081740/tools/bin/../lib/gcc/arm-none-eabi/14.3.1/../../../../arm-none-eabi/lib/thumb/v7-m/nofp\libc_nano.a
END GROUP
START GROUP
LOAD D:/ST/STM32CubeIDE_2.1.1/STM32CubeIDE/plugins/com.st.stm32cube.ide.mcu.externaltools.gnu-tools-for-stm32.14.3.rel1.win32_1.0.100.202602081740/tools/bin/../lib/gcc/arm-none-eabi/14.3.1/thumb/v7-m/nofp\libgcc.a
LOAD D:/ST/STM32CubeIDE_2.1.1/STM32CubeIDE/plugins/com.st.stm32cube.ide.mcu.externaltools.gnu-tools-for-stm32.14.3.rel1.win32_1.0.100.202602081740/tools/bin/../lib/gcc/arm-none-eabi/14.3.1/../../../../arm-none-eabi/lib/thumb/v7-m/nofp\libc_nano.a
END GROUP
LOAD D:/ST/STM32CubeIDE_2.1.1/STM32CubeIDE/plugins/com.st.stm32cube.ide.mcu.externaltools.gnu-tools-for-stm32.14.3.rel1.win32_1.0.100.202602081740/tools/bin/../lib/gcc/arm-none-eabi/14.3.1/thumb/v7-m/nofp/crtend.o
LOAD D:/ST/STM32CubeIDE_2.1.1/STM32CubeIDE/plugins/com.st.stm32cube.ide.mcu.externaltools.gnu-tools-for-stm32.14.3.rel1.win32_1.0.100.202602081740/tools/bin/../lib/gcc/arm-none-eabi/14.3.1/thumb/v7-m/nofp/crtn.o
                0x2000c000                        _estack = (ORIGIN (RAM) + LENGTH (RAM))
                0x00000200                        _Min_Heap_Size = 0x200
                0x00000400                        _Min_Stack_Size = 0x400

.isr_vector     0x08000000      0x1e4
                0x08000000                        . = ALIGN (0x4)
 *(.isr_vector)
 .isr_vector    0x08000000      0x1e4 ./Core/Startup/startup_stm32f103rctx.o
                0x08000000                g_pfnVectors
                0x080001e4                        . = ALIGN (0x4)

.text           0x080001f0     0x7ddc
                0x080001f0                        . = ALIGN (0x4)
 *(.text)
 .text          0x080001f0       0x40 D:/ST/STM32CubeIDE_2.1.1/STM32CubeIDE/plugins/com.st.stm32cube.ide.mcu.externaltools.gnu-tools-for-stm32.14.3.rel1.win32_1.0.100.202602081740/tools/bin/../lib/gcc/arm-none-eabi/14.3.1/thumb/v7-m/nofp/crtbegin.o
 .text          0x08000230      0x378 D:/ST/STM32CubeIDE_2.1.1/STM32CubeIDE/plugins/com.st.stm32cube.ide.mcu.externaltools.gnu-tools-for-stm32.14.3.rel1.win32_1.0.100.202602081740/tools/bin/../lib/gcc/arm-none-eabi/14.3.1/thumb/v7-m/nofp\libgcc.a(_arm_addsubdf3.o)
                0x08000230                __aeabi_drsub
                0x08000238                __aeabi_dsub
                0x08000238                __subdf3
                0x0800023c                __aeabi_dadd
                0x0800023c                __adddf3
                0x080004b4                __floatunsidf
                0x080004b4                __aeabi_ui2d
                0x080004d4                __floatsidf
                0x080004d4                __aeabi_i2d
                0x080004f8                __aeabi_f2d
                0x080004f8                __extendsfdf2
                0x0800053c                __floatundidf
                0x0800053c                __aeabi_ul2d
                0x0800054c                __floatdidf
                0x0800054c                __aeabi_l2d
 .text          0x080005a8      0x424 D:/ST/STM32CubeIDE_2.1.1/STM32CubeIDE/plugins/com.st.stm32cube.ide.mcu.externaltools.gnu-tools-for-stm32.14.3.rel1.win32_1.0.100.202602081740/tools/bin/../lib/gcc/arm-none-eabi/14.3.1/thumb/v7-m/nofp\libgcc.a(_arm_muldivdf3.o)
                0x080005a8                __aeabi_dmul
                0x080005a8                __muldf3
                0x080007fc                __divdf3
                0x080007fc                __aeabi_ddiv
 .text          0x080009cc      0x110 D:/ST/STM32CubeIDE_2.1.1/STM32CubeIDE/plugins/com.st.stm32cube.ide.mcu.externaltools.gnu-tools-for-stm32.14.3.rel1.win32_1.0.100.202602081740/tools/bin/../lib/gcc/arm-none-eabi/14.3.1/thumb/v7-m/nofp\libgcc.a(_arm_cmpdf2.o)
                0x080009cc                __gtdf2
                0x080009cc                __gedf2
                0x080009d4                __ltdf2
                0x080009d4                __ledf2
                0x080009dc                __nedf2
                0x080009dc                __eqdf2
                0x080009dc                __cmpdf2
                0x08000a58                __aeabi_cdrcmple
                0x08000a68                __aeabi_cdcmpeq
                0x08000a68                __aeabi_cdcmple
                0x08000a78                __aeabi_dcmpeq
                0x08000a8c                __aeabi_dcmplt
                0x08000aa0                __aeabi_dcmple
                0x08000ab4                __aeabi_dcmpge
                0x08000ac8                __aeabi_dcmpgt
 .text          0x08000adc       0x2c D:/ST/STM32CubeIDE_2.1.1/STM32CubeIDE/plugins/com.st.stm32cube.ide.mcu.externaltools.gnu-tools-for-stm32.14.3.rel1.win32_1.0.100.202602081740/tools/bin/../lib/gcc/arm-none-eabi/14.3.1/thumb/v7-m/nofp\libgcc.a(_arm_unorddf2.o)
                0x08000adc                __unorddf2
                0x08000adc                __aeabi_dcmpun
 .text          0x08000b08       0x50 D:/ST/STM32CubeIDE_2.1.1/STM32CubeIDE/plugins/com.st.stm32cube.ide.mcu.externaltools.gnu-tools-for-stm32.14.3.rel1.win32_1.0.100.202602081740/tools/bin/../lib/gcc/arm-none-eabi/14.3.1/thumb/v7-m/nofp\libgcc.a(_arm_fixdfsi.o)
                0x08000b08                __aeabi_d2iz
                0x08000b08                __fixdfsi
 .text          0x08000b58       0xa0 D:/ST/STM32CubeIDE_2.1.1/STM32CubeIDE/plugins/com.st.stm32cube.ide.mcu.externaltools.gnu-tools-for-stm32.14.3.rel1.win32_1.0.100.202602081740/tools/bin/../lib/gcc/arm-none-eabi/14.3.1/thumb/v7-m/nofp\libgcc.a(_arm_truncdfsf2.o)
                0x08000b58                __truncdfsf2
                0x08000b58                __aeabi_d2f
 .text          0x08000bf8      0x21c D:/ST/STM32CubeIDE_2.1.1/STM32CubeIDE/plugins/com.st.stm32cube.ide.mcu.externaltools.gnu-tools-for-stm32.14.3.rel1.win32_1.0.100.202602081740/tools/bin/../lib/gcc/arm-none-eabi/14.3.1/thumb/v7-m/nofp\libgcc.a(_arm_addsubsf3.o)
                0x08000bf8                __aeabi_frsub
                0x08000c00                __subsf3
                0x08000c00                __aeabi_fsub
                0x08000c04                __aeabi_fadd
                0x08000c04                __addsf3
                0x08000d64                __aeabi_ui2f
                0x08000d64                __floatunsisf
                0x08000d6c                __aeabi_i2f
                0x08000d6c                __floatsisf
                0x08000d88                __aeabi_ul2f
                0x08000d88                __floatundisf
                0x08000d98                __aeabi_l2f
                0x08000d98                __floatdisf
 .text          0x08000e14      0x2a0 D:/ST/STM32CubeIDE_2.1.1/STM32CubeIDE/plugins/com.st.stm32cube.ide.mcu.externaltools.gnu-tools-for-stm32.14.3.rel1.win32_1.0.100.202602081740/tools/bin/../lib/gcc/arm-none-eabi/14.3.1/thumb/v7-m/nofp\libgcc.a(_arm_muldivsf3.o)
                0x08000e14                __mulsf3
                0x08000e14                __aeabi_fmul
                0x08000f7c                __aeabi_fdiv
                0x08000f7c                __divsf3
 .text          0x080010b4       0xec D:/ST/STM32CubeIDE_2.1.1/STM32CubeIDE/plugins/com.st.stm32cube.ide.mcu.externaltools.gnu-tools-for-stm32.14.3.rel1.win32_1.0.100.202602081740/tools/bin/../lib/gcc/arm-none-eabi/14.3.1/thumb/v7-m/nofp\libgcc.a(_arm_cmpsf2.o)
                0x080010b4                __gesf2
                0x080010b4                __gtsf2
                0x080010bc                __lesf2
                0x080010bc                __ltsf2
                0x080010c4                __nesf2
                0x080010c4                __eqsf2
                0x080010c4                __cmpsf2
                0x08001124                __aeabi_cfrcmple
                0x0800112c                __aeabi_cfcmpeq
                0x0800112c                __aeabi_cfcmple
                0x0800113c                __aeabi_fcmpeq
                0x08001150                __aeabi_fcmplt
                0x08001164                __aeabi_fcmple
                0x08001178                __aeabi_fcmpge
                0x0800118c                __aeabi_fcmpgt
 .text          0x080011a0       0x40 D:/ST/STM32CubeIDE_2.1.1/STM32CubeIDE/plugins/com.st.stm32cube.ide.mcu.externaltools.gnu-tools-for-stm32.14.3.rel1.win32_1.0.100.202602081740/tools/bin/../lib/gcc/arm-none-eabi/14.3.1/thumb/v7-m/nofp\libgcc.a(_arm_fixunssfsi.o)
                0x080011a0                __fixunssfsi
                0x080011a0                __aeabi_f2uiz
 *(.text*)
 .text._ZSt3absf
                0x080011e0       0x18 ./Core/Src/BLDCMotor.o
                0x080011e0                std::abs(float)
 .text._ZN9BLDCMotorC2Ei
                0x080011f8       0x2c ./Core/Src/BLDCMotor.o
                0x080011f8                BLDCMotor::BLDCMotor(int)
                0x080011f8                BLDCMotor::BLDCMotor(int)
 .text._ZN9BLDCMotor10linkDriverEP10BLDCDriver
                0x08001224       0x1c ./Core/Src/BLDCMotor.o
                0x08001224                BLDCMotor::linkDriver(BLDCDriver*)
 .text._ZN9BLDCMotor4initEv
                0x08001240       0x80 ./Core/Src/BLDCMotor.o
                0x08001240                BLDCMotor::init()
 .text._ZN9BLDCMotor7disableEv
                0x080012c0       0x46 ./Core/Src/BLDCMotor.o
                0x080012c0                BLDCMotor::disable()
 .text._ZN9BLDCMotor6enableEv
                0x08001306       0x46 ./Core/Src/BLDCMotor.o
                0x08001306                BLDCMotor::enable()
 .text._ZN9BLDCMotor7initFOCEf9Direction
                0x0800134c       0x5c ./Core/Src/BLDCMotor.o
                0x0800134c                BLDCMotor::initFOC(float, Direction)
 .text._ZN9BLDCMotor11alignSensorEv
                0x080013a8      0x17c ./Core/Src/BLDCMotor.o
                0x080013a8                BLDCMotor::alignSensor()
 *fill*         0x08001524        0x4 
 .text._ZN9BLDCMotor17absoluteZeroAlignEv
                0x08001528      0x158 ./Core/Src/BLDCMotor.o
                0x08001528                BLDCMotor::absoluteZeroAlign()
 .text._ZN9BLDCMotor7loopFOCEv
                0x08001680       0x42 ./Core/Src/BLDCMotor.o
                0x08001680                BLDCMotor::loopFOC()
 *fill*         0x080016c2        0x2 
 .text._ZN9BLDCMotor4moveEf
                0x080016c4      0x118 ./Core/Src/BLDCMotor.o
                0x080016c4                BLDCMotor::move(float)
 *fill*         0x080017dc        0x4 
 .text._ZN9BLDCMotor15setPhaseVoltageEfff
                0x080017e0      0xa48 ./Core/Src/BLDCMotor.o
                0x080017e0                BLDCMotor::setPhaseVoltage(float, float, float)
 .text._ZN9BLDCMotor16velocityOpenloopEf
                0x08002228       0xa0 ./Core/Src/BLDCMotor.o
                0x08002228                BLDCMotor::velocityOpenloop(float)
 .text._ZN9BLDCMotor13angleOpenloopEf
                0x080022c8      0x14c ./Core/Src/BLDCMotor.o
                0x080022c8                BLDCMotor::angleOpenloop(float)
 .text.MX_GPIO_Init
                0x08002414       0xb0 ./Core/Src/gpio.o
                0x08002414                MX_GPIO_Init
 .text.MX_I2C2_Init
                0x080024c4       0x5c ./Core/Src/i2c.o
                0x080024c4                MX_I2C2_Init
 .text.HAL_I2C_MspInit
                0x08002520       0xd8 ./Core/Src/i2c.o
                0x08002520                HAL_I2C_MspInit
 .text._Z9MotorTaskPv
                0x080025f8      0x158 ./Core/Src/main.o
                0x080025f8                MotorTask(void*)
 .text.main     0x08002750       0x6c ./Core/Src/main.o
                0x08002750                main
 .text._Z41__static_initialization_and_destruction_0v
                0x080027bc       0x90 ./Core/Src/main.o
 .text._GLOBAL__sub_I_motorTaskHandle
                0x0800284c        0xa ./Core/Src/main.o
 *fill*         0x08002856        0x2 
 .text.HAL_MspInit
                0x08002858       0x70 ./Core/Src/stm32f1xx_hal_msp.o
                0x08002858                HAL_MspInit
 .text.NMI_Handler
                0x080028c8        0x8 ./Core/Src/stm32f1xx_it.o
                0x080028c8                NMI_Handler
 .text.HardFault_Handler
                0x080028d0        0x8 ./Core/Src/stm32f1xx_it.o
                0x080028d0                HardFault_Handler
 .text.MemManage_Handler
                0x080028d8        0x8 ./Core/Src/stm32f1xx_it.o
                0x080028d8                MemManage_Handler
 .text.BusFault_Handler
                0x080028e0        0x8 ./Core/Src/stm32f1xx_it.o
                0x080028e0                BusFault_Handler
 .text.UsageFault_Handler
                0x080028e8        0x8 ./Core/Src/stm32f1xx_it.o
                0x080028e8                UsageFault_Handler
 .text.DebugMon_Handler
                0x080028f0        0xc ./Core/Src/stm32f1xx_it.o
                0x080028f0                DebugMon_Handler
 .text.SysTick_Handler
                0x080028fc       0x1a ./Core/Src/stm32f1xx_it.o
                0x080028fc                SysTick_Handler
 .text.SystemInit
                0x08002916        0xc ./Core/Src/system_stm32f1xx.o
                0x08002916                SystemInit
 *fill*         0x08002922        0x2 
 .text.MX_TIM2_Init
                0x08002924       0xdc ./Core/Src/tim.o
                0x08002924                MX_TIM2_Init
 .text.MX_TIM3_Init
                0x08002a00       0xf4 ./Core/Src/tim.o
                0x08002a00                MX_TIM3_Init
 .text.MX_TIM4_Init
                0x08002af4       0xc8 ./Core/Src/tim.o
                0x08002af4                MX_TIM4_Init
 .text.HAL_TIM_PWM_MspInit
                0x08002bbc       0x88 ./Core/Src/tim.o
                0x08002bbc                HAL_TIM_PWM_MspInit
 .text.HAL_TIM_MspPostInit
                0x08002c44      0x118 ./Core/Src/tim.o
                0x08002c44                HAL_TIM_MspPostInit
 .text.MX_USART3_UART_Init
                0x08002d5c       0x54 ./Core/Src/usart.o
                0x08002d5c                MX_USART3_UART_Init
 .text.HAL_UART_MspInit
                0x08002db0       0xc0 ./Core/Src/usart.o
                0x08002db0                HAL_UART_MspInit
 .text._ZN8FOCMotorC2Ev
                0x08002e70       0xc8 ./Core/Src/common/base_classes/FOCMotor.o
                0x08002e70                FOCMotor::FOCMotor()
                0x08002e70                FOCMotor::FOCMotor()
 .text._ZN8FOCMotor10shaftAngleEv
                0x08002f38       0x38 ./Core/Src/common/base_classes/FOCMotor.o
                0x08002f38                FOCMotor::shaftAngle()
 .text._ZN8FOCMotor13shaftVelocityEv
                0x08002f70       0x4a ./Core/Src/common/base_classes/FOCMotor.o
                0x08002f70                FOCMotor::shaftVelocity()
 *fill*         0x08002fba        0x6 
 .text._Z4_sinf
                0x08002fc0      0x368 ./Core/Src/common/foc_utils.o
                0x08002fc0                _sin(float)
 .text._Z4_cosf
                0x08003328       0x88 ./Core/Src/common/foc_utils.o
                0x08003328                _cos(float)
 .text._Z15_normalizeAnglef
                0x080033b0       0x68 ./Core/Src/common/foc_utils.o
                0x080033b0                _normalizeAngle(float)
 .text._Z16_electricalAnglefi
                0x08003418       0x24 ./Core/Src/common/foc_utils.o
                0x08003418                _electricalAngle(float, int)
 .text._ZSt4fmodIfdEN9__gnu_cxx11__promote_2IT_T0_NS0_9__promoteIS2_XsrSt12__is_integerIS2_E7__valueEE6__typeENS4_IS3_XsrS5_IS3_E7__valueEE6__typeEE6__typeES2_S3_
                0x0800343c       0x28 ./Core/Src/common/foc_utils.o
                0x0800343c                __gnu_cxx::__promote_2<float, double, __gnu_cxx::__promote<float, std::__is_integer<float>::__value>::__type, __gnu_cxx::__promote<double, std::__is_integer<double>::__value>::__type>::__type std::fmod<float, double>(float, double)
 .text._ZN13LowPassFilterC2Ef
                0x08003464       0x2c ./Core/Src/common/lowpass_filter.o
                0x08003464                LowPassFilter::LowPassFilter(float)
                0x08003464                LowPassFilter::LowPassFilter(float)
 .text._ZN13LowPassFilterclEf
                0x08003490       0xc0 ./Core/Src/common/lowpass_filter.o
                0x08003490                LowPassFilter::operator()(float)
 .text._ZN13PIDControllerC2Efffff
                0x08003550       0x58 ./Core/Src/common/pid.o
                0x08003550                PIDController::PIDController(float, float, float, float, float)
                0x08003550                PIDController::PIDController(float, float, float, float, float)
 .text._ZN13PIDControllerclEf
                0x080035a8      0x248 ./Core/Src/common/pid.o
                0x080035a8                PIDController::operator()(float)
 .text._Z6_delaym
                0x080037f0       0x16 ./Core/Src/common/time_utils.o
                0x080037f0                _delay(unsigned long)
 .text._Z7_microsv
                0x08003806       0x16 ./Core/Src/common/time_utils.o
                0x08003806                _micros()
 .text._ZN10BLDCDriver4initEv
                0x0800381c        0xa ./Core/Src/motor_drivers/BLDCDriver3PWM.o
                0x0800381c                BLDCDriver::init()
 .text._ZN10BLDCDriver6enableEv
                0x08003826       0x12 ./Core/Src/motor_drivers/BLDCDriver3PWM.o
                0x08003826                BLDCDriver::enable()
 .text._ZN10BLDCDriver7disableEv
                0x08003838       0x12 ./Core/Src/motor_drivers/BLDCDriver3PWM.o
                0x08003838                BLDCDriver::disable()
 .text._ZN10BLDCDriver6setPwmEfff
                0x0800384a       0x18 ./Core/Src/motor_drivers/BLDCDriver3PWM.o
                0x0800384a                BLDCDriver::setPwm(float, float, float)
 .text._ZSt4fmaxff
                0x08003862       0x1c ./Core/Src/motor_drivers/BLDCDriver3PWM.o
                0x08003862                std::fmax(float, float)
 .text._ZSt4fminff
                0x0800387e       0x1c ./Core/Src/motor_drivers/BLDCDriver3PWM.o
                0x0800387e                std::fmin(float, float)
 *fill*         0x0800389a        0x2 
 .text._ZN10BLDCDriverC2Ev
                0x0800389c       0x20 ./Core/Src/motor_drivers/BLDCDriver3PWM.o
                0x0800389c                BLDCDriver::BLDCDriver()
                0x0800389c                BLDCDriver::BLDCDriver()
 .text._ZN14BLDCDriver3PWMC2EP17TIM_HandleTypeDefmS1_mS1_m
                0x080038bc       0x54 ./Core/Src/motor_drivers/BLDCDriver3PWM.o
                0x080038bc                BLDCDriver3PWM::BLDCDriver3PWM(TIM_HandleTypeDef*, unsigned long, TIM_HandleTypeDef*, unsigned long, TIM_HandleTypeDef*, unsigned long)
                0x080038bc                BLDCDriver3PWM::BLDCDriver3PWM(TIM_HandleTypeDef*, unsigned long, TIM_HandleTypeDef*, unsigned long, TIM_HandleTypeDef*, unsigned long)
 .text._ZN14BLDCDriver3PWM4initEv
                0x08003910       0x64 ./Core/Src/motor_drivers/BLDCDriver3PWM.o
                0x08003910                BLDCDriver3PWM::init()
 .text._ZN14BLDCDriver3PWM6enableEv
                0x08003974       0x12 ./Core/Src/motor_drivers/BLDCDriver3PWM.o
                0x08003974                BLDCDriver3PWM::enable()
 .text._ZN14BLDCDriver3PWM7disableEv
                0x08003986       0x12 ./Core/Src/motor_drivers/BLDCDriver3PWM.o
                0x08003986                BLDCDriver3PWM::disable()
 .text._ZN14BLDCDriver3PWM6setPwmEfff
                0x08003998      0x19c ./Core/Src/motor_drivers/BLDCDriver3PWM.o
                0x08003998                BLDCDriver3PWM::setPwm(float, float, float)
 .text.Reset_Handler
                0x08003b34       0x48 ./Core/Startup/startup_stm32f103rctx.o
                0x08003b34                Reset_Handler
 .text.Default_Handler
                0x08003b7c        0x2 ./Core/Startup/startup_stm32f103rctx.o
                0x08003b7c                RTC_Alarm_IRQHandler
                0x08003b7c                EXTI2_IRQHandler
                0x08003b7c                TIM8_TRG_COM_IRQHandler
                0x08003b7c                TIM8_CC_IRQHandler
                0x08003b7c                TIM1_CC_IRQHandler
                0x08003b7c                TIM6_IRQHandler
                0x08003b7c                PVD_IRQHandler
                0x08003b7c                SDIO_IRQHandler
                0x08003b7c                EXTI3_IRQHandler
                0x08003b7c                EXTI0_IRQHandler
                0x08003b7c                I2C2_EV_IRQHandler
                0x08003b7c                ADC1_2_IRQHandler
                0x08003b7c                SPI1_IRQHandler
                0x08003b7c                TAMPER_IRQHandler
                0x08003b7c                TIM8_UP_IRQHandler
                0x08003b7c                DMA2_Channel2_IRQHandler
                0x08003b7c                DMA1_Channel4_IRQHandler
                0x08003b7c                USART3_IRQHandler
                0x08003b7c                RTC_IRQHandler
                0x08003b7c                DMA1_Channel7_IRQHandler
                0x08003b7c                CAN1_RX1_IRQHandler
                0x08003b7c                UART5_IRQHandler
                0x08003b7c                ADC3_IRQHandler
                0x08003b7c                TIM4_IRQHandler
                0x08003b7c                DMA2_Channel1_IRQHandler
                0x08003b7c                I2C1_EV_IRQHandler
                0x08003b7c                DMA1_Channel6_IRQHandler
                0x08003b7c                UART4_IRQHandler
                0x08003b7c                TIM3_IRQHandler
                0x08003b7c                RCC_IRQHandler
                0x08003b7c                TIM1_TRG_COM_IRQHandler
                0x08003b7c                DMA1_Channel1_IRQHandler
                0x08003b7c                Default_Handler
                0x08003b7c                EXTI15_10_IRQHandler
                0x08003b7c                TIM7_IRQHandler
                0x08003b7c                TIM5_IRQHandler
                0x08003b7c                EXTI9_5_IRQHandler
                0x08003b7c                SPI2_IRQHandler
                0x08003b7c                DMA1_Channel5_IRQHandler
                0x08003b7c                EXTI4_IRQHandler
                0x08003b7c                USB_LP_CAN1_RX0_IRQHandler
                0x08003b7c                USB_HP_CAN1_TX_IRQHandler
                0x08003b7c                DMA1_Channel3_IRQHandler
                0x08003b7c                FSMC_IRQHandler
                0x08003b7c                TIM1_UP_IRQHandler
                0x08003b7c                WWDG_IRQHandler
                0x08003b7c                TIM2_IRQHandler
                0x08003b7c                TIM1_BRK_IRQHandler
                0x08003b7c                EXTI1_IRQHandler
                0x08003b7c                DMA2_Channel4_5_IRQHandler
                0x08003b7c                USART2_IRQHandler
                0x08003b7c                I2C2_ER_IRQHandler
                0x08003b7c                DMA1_Channel2_IRQHandler
                0x08003b7c                TIM8_BRK_IRQHandler
                0x08003b7c                CAN1_SCE_IRQHandler
                0x08003b7c                FLASH_IRQHandler
                0x08003b7c                USART1_IRQHandler
                0x08003b7c                SPI3_IRQHandler
                0x08003b7c                I2C1_ER_IRQHandler
                0x08003b7c                USBWakeUp_IRQHandler
                0x08003b7c                DMA2_Channel3_IRQHandler
 *fill*         0x08003b7e        0x2 
 .text.HAL_Init
                0x08003b80       0x2c ./Drivers/STM32F1xx_HAL_Driver/Src/stm32f1xx_hal.o
                0x08003b80                HAL_Init
 .text.HAL_InitTick
                0x08003bac       0x60 ./Drivers/STM32F1xx_HAL_Driver/Src/stm32f1xx_hal.o
                0x08003bac                HAL_InitTick
 .text.HAL_IncTick
                0x08003c0c       0x24 ./Drivers/STM32F1xx_HAL_Driver/Src/stm32f1xx_hal.o
                0x08003c0c                HAL_IncTick
 .text.HAL_GetTick
                0x08003c30       0x14 ./Drivers/STM32F1xx_HAL_Driver/Src/stm32f1xx_hal.o
                0x08003c30                HAL_GetTick
 .text.HAL_Delay
                0x08003c44       0x48 ./Drivers/STM32F1xx_HAL_Driver/Src/stm32f1xx_hal.o
                0x08003c44                HAL_Delay
 .text.__NVIC_SetPriorityGrouping
                0x08003c8c       0x48 ./Drivers/STM32F1xx_HAL_Driver/Src/stm32f1xx_hal_cortex.o
 .text.__NVIC_GetPriorityGrouping
                0x08003cd4       0x1c ./Drivers/STM32F1xx_HAL_Driver/Src/stm32f1xx_hal_cortex.o
 .text.__NVIC_SetPriority
                0x08003cf0       0x54 ./Drivers/STM32F1xx_HAL_Driver/Src/stm32f1xx_hal_cortex.o
 .text.NVIC_EncodePriority
                0x08003d44       0x64 ./Drivers/STM32F1xx_HAL_Driver/Src/stm32f1xx_hal_cortex.o
 .text.SysTick_Config
                0x08003da8       0x44 ./Drivers/STM32F1xx_HAL_Driver/Src/stm32f1xx_hal_cortex.o
 .text.HAL_NVIC_SetPriorityGrouping
                0x08003dec       0x16 ./Drivers/STM32F1xx_HAL_Driver/Src/stm32f1xx_hal_cortex.o
                0x08003dec                HAL_NVIC_SetPriorityGrouping
 .text.HAL_NVIC_SetPriority
                0x08003e02       0x38 ./Drivers/STM32F1xx_HAL_Driver/Src/stm32f1xx_hal_cortex.o
                0x08003e02                HAL_NVIC_SetPriority
 .text.HAL_SYSTICK_Config
                0x08003e3a       0x18 ./Drivers/STM32F1xx_HAL_Driver/Src/stm32f1xx_hal_cortex.o
                0x08003e3a                HAL_SYSTICK_Config
 *fill*         0x08003e52        0x2 
 .text.HAL_GPIO_Init
                0x08003e54      0x328 ./Drivers/STM32F1xx_HAL_Driver/Src/stm32f1xx_hal_gpio.o
                0x08003e54                HAL_GPIO_Init
 .text.HAL_GPIO_WritePin
                0x0800417c       0x30 ./Drivers/STM32F1xx_HAL_Driver/Src/stm32f1xx_hal_gpio.o
                0x0800417c                HAL_GPIO_WritePin
 .text.HAL_I2C_Init
                0x080041ac      0x288 ./Drivers/STM32F1xx_HAL_Driver/Src/stm32f1xx_hal_i2c.o
                0x080041ac                HAL_I2C_Init
 .text.HAL_RCC_GetHCLKFreq
                0x08004434       0x14 ./Drivers/STM32F1xx_HAL_Driver/Src/stm32f1xx_hal_rcc.o
                0x08004434                HAL_RCC_GetHCLKFreq
 .text.HAL_RCC_GetPCLK1Freq
                0x08004448       0x28 ./Drivers/STM32F1xx_HAL_Driver/Src/stm32f1xx_hal_rcc.o
                0x08004448                HAL_RCC_GetPCLK1Freq
 .text.HAL_RCC_GetPCLK2Freq
                0x08004470       0x28 ./Drivers/STM32F1xx_HAL_Driver/Src/stm32f1xx_hal_rcc.o
                0x08004470                HAL_RCC_GetPCLK2Freq
 .text.HAL_TIM_PWM_Init
                0x08004498       0x9e ./Drivers/STM32F1xx_HAL_Driver/Src/stm32f1xx_hal_tim.o
                0x08004498                HAL_TIM_PWM_Init
 *fill*         0x08004536        0x2 
 .text.HAL_TIM_PWM_Start
                0x08004538      0x174 ./Drivers/STM32F1xx_HAL_Driver/Src/stm32f1xx_hal_tim.o
                0x08004538                HAL_TIM_PWM_Start
 .text.HAL_TIM_PWM_ConfigChannel
                0x080046ac      0x184 ./Drivers/STM32F1xx_HAL_Driver/Src/stm32f1xx_hal_tim.o
                0x080046ac                HAL_TIM_PWM_ConfigChannel
 .text.TIM_Base_SetConfig
                0x08004830      0x10c ./Drivers/STM32F1xx_HAL_Driver/Src/stm32f1xx_hal_tim.o
                0x08004830                TIM_Base_SetConfig
 .text.TIM_OC1_SetConfig
                0x0800493c       0xe0 ./Drivers/STM32F1xx_HAL_Driver/Src/stm32f1xx_hal_tim.o
 .text.TIM_OC2_SetConfig
                0x08004a1c       0xe8 ./Drivers/STM32F1xx_HAL_Driver/Src/stm32f1xx_hal_tim.o
                0x08004a1c                TIM_OC2_SetConfig
 .text.TIM_OC3_SetConfig
                0x08004b04       0xe8 ./Drivers/STM32F1xx_HAL_Driver/Src/stm32f1xx_hal_tim.o
 .text.TIM_OC4_SetConfig
                0x08004bec       0xa8 ./Drivers/STM32F1xx_HAL_Driver/Src/stm32f1xx_hal_tim.o
 .text.TIM_CCxChannelCmd
                0x08004c94       0x48 ./Drivers/STM32F1xx_HAL_Driver/Src/stm32f1xx_hal_tim.o
                0x08004c94                TIM_CCxChannelCmd
 .text.HAL_TIMEx_MasterConfigSynchronization
                0x08004cdc       0xd8 ./Drivers/STM32F1xx_HAL_Driver/Src/stm32f1xx_hal_tim_ex.o
                0x08004cdc                HAL_TIMEx_MasterConfigSynchronization
 .text.HAL_UART_Init
                0x08004db4       0xa0 ./Drivers/STM32F1xx_HAL_Driver/Src/stm32f1xx_hal_uart.o
                0x08004db4                HAL_UART_Init
 .text.UART_SetConfig
                0x08004e54      0x11c ./Drivers/STM32F1xx_HAL_Driver/Src/stm32f1xx_hal_uart.o
 .text.__NVIC_SetPriority
                0x08004f70       0x54 ./Middlewares/Third_Party/FreeRTOS/Source/CMSIS_RTOS_V2/cmsis_os2.o
 .text.SVC_Setup
                0x08004fc4       0x12 ./Middlewares/Third_Party/FreeRTOS/Source/CMSIS_RTOS_V2/cmsis_os2.o
 *fill*         0x08004fd6        0x2 
 .text.osKernelStart
                0x08004fd8       0x4c ./Middlewares/Third_Party/FreeRTOS/Source/CMSIS_RTOS_V2/cmsis_os2.o
                0x08004fd8                osKernelStart
 .text.osThreadNew
                0x08005024      0x124 ./Middlewares/Third_Party/FreeRTOS/Source/CMSIS_RTOS_V2/cmsis_os2.o
                0x08005024                osThreadNew
 .text.osDelay  0x08005148       0x36 ./Middlewares/Third_Party/FreeRTOS/Source/CMSIS_RTOS_V2/cmsis_os2.o
                0x08005148                osDelay
 *fill*         0x0800517e        0x2 
 .text.vApplicationGetIdleTaskMemory
                0x08005180       0x30 ./Middlewares/Third_Party/FreeRTOS/Source/CMSIS_RTOS_V2/cmsis_os2.o
                0x08005180                vApplicationGetIdleTaskMemory
 .text.vApplicationGetTimerTaskMemory
                0x080051b0       0x34 ./Middlewares/Third_Party/FreeRTOS/Source/CMSIS_RTOS_V2/cmsis_os2.o
                0x080051b0                vApplicationGetTimerTaskMemory
 .text.vListInitialise
                0x080051e4       0x3e ./Middlewares/Third_Party/FreeRTOS/Source/list.o
                0x080051e4                vListInitialise
 .text.vListInitialiseItem
                0x08005222       0x18 ./Middlewares/Third_Party/FreeRTOS/Source/list.o
                0x08005222                vListInitialiseItem
 .text.vListInsertEnd
                0x0800523a       0x46 ./Middlewares/Third_Party/FreeRTOS/Source/list.o
                0x0800523a                vListInsertEnd
 .text.vListInsert
                0x08005280       0x70 ./Middlewares/Third_Party/FreeRTOS/Source/list.o
                0x08005280                vListInsert
 .text.uxListRemove
                0x080052f0       0x52 ./Middlewares/Third_Party/FreeRTOS/Source/list.o
                0x080052f0                uxListRemove
 *fill*         0x08005342        0x2 
 .text.xQueueGenericReset
                0x08005344       0xd4 ./Middlewares/Third_Party/FreeRTOS/Source/queue.o
                0x08005344                xQueueGenericReset
 .text.xQueueGenericCreateStatic
                0x08005418       0xfa ./Middlewares/Third_Party/FreeRTOS/Source/queue.o
                0x08005418                xQueueGenericCreateStatic
 .text.prvInitialiseNewQueue
                0x08005512       0x46 ./Middlewares/Third_Party/FreeRTOS/Source/queue.o
 .text.xQueueGenericSend
                0x08005558      0x204 ./Middlewares/Third_Party/FreeRTOS/Source/queue.o
                0x08005558                xQueueGenericSend
 .text.xQueueGenericSendFromISR
                0x0800575c      0x13c ./Middlewares/Third_Party/FreeRTOS/Source/queue.o
                0x0800575c                xQueueGenericSendFromISR
 .text.xQueueReceive
                0x08005898      0x1c4 ./Middlewares/Third_Party/FreeRTOS/Source/queue.o
                0x08005898                xQueueReceive
 .text.prvCopyDataToQueue
                0x08005a5c       0xd4 ./Middlewares/Third_Party/FreeRTOS/Source/queue.o
 .text.prvCopyDataFromQueue
                0x08005b30       0x4c ./Middlewares/Third_Party/FreeRTOS/Source/queue.o
 .text.prvUnlockQueue
                0x08005b7c       0xa4 ./Middlewares/Third_Party/FreeRTOS/Source/queue.o
 .text.prvIsQueueEmpty
                0x08005c20       0x2c ./Middlewares/Third_Party/FreeRTOS/Source/queue.o
 .text.prvIsQueueFull
                0x08005c4c       0x30 ./Middlewares/Third_Party/FreeRTOS/Source/queue.o
 .text.vQueueAddToRegistry
                0x08005c7c       0x50 ./Middlewares/Third_Party/FreeRTOS/Source/queue.o
                0x08005c7c                vQueueAddToRegistry
 .text.vQueueWaitForMessageRestricted
                0x08005ccc       0x68 ./Middlewares/Third_Party/FreeRTOS/Source/queue.o
                0x08005ccc                vQueueWaitForMessageRestricted
 .text.xTaskCreateStatic
                0x08005d34       0xc0 ./Middlewares/Third_Party/FreeRTOS/Source/tasks.o
                0x08005d34                xTaskCreateStatic
 .text.xTaskCreate
                0x08005df4       0x8a ./Middlewares/Third_Party/FreeRTOS/Source/tasks.o
                0x08005df4                xTaskCreate
 .text.prvInitialiseNewTask
                0x08005e7e      0x120 ./Middlewares/Third_Party/FreeRTOS/Source/tasks.o
 *fill*         0x08005f9e        0x2 
 .text.prvAddNewTaskToReadyList
                0x08005fa0       0xe0 ./Middlewares/Third_Party/FreeRTOS/Source/tasks.o
 .text.vTaskDelay
                0x08006080       0x6c ./Middlewares/Third_Party/FreeRTOS/Source/tasks.o
                0x08006080                vTaskDelay
 .text.vTaskStartScheduler
                0x080060ec       0xd0 ./Middlewares/Third_Party/FreeRTOS/Source/tasks.o
                0x080060ec                vTaskStartScheduler
 .text.vTaskSuspendAll
                0x080061bc       0x1c ./Middlewares/Third_Party/FreeRTOS/Source/tasks.o
                0x080061bc                vTaskSuspendAll
 .text.xTaskResumeAll
                0x080061d8      0x13c ./Middlewares/Third_Party/FreeRTOS/Source/tasks.o
                0x080061d8                xTaskResumeAll
 .text.xTaskGetTickCount
                0x08006314       0x1c ./Middlewares/Third_Party/FreeRTOS/Source/tasks.o
                0x08006314                xTaskGetTickCount
 .text.xTaskIncrementTick
                0x08006330      0x174 ./Middlewares/Third_Party/FreeRTOS/Source/tasks.o
                0x08006330                xTaskIncrementTick
 .text.vTaskSwitchContext
                0x080064a4       0xbc ./Middlewares/Third_Party/FreeRTOS/Source/tasks.o
                0x080064a4                vTaskSwitchContext
 .text.vTaskPlaceOnEventList
                0x08006560       0x4c ./Middlewares/Third_Party/FreeRTOS/Source/tasks.o
                0x08006560                vTaskPlaceOnEventList
 .text.vTaskPlaceOnEventListRestricted
                0x080065ac       0x58 ./Middlewares/Third_Party/FreeRTOS/Source/tasks.o
                0x080065ac                vTaskPlaceOnEventListRestricted
 .text.xTaskRemoveFromEventList
                0x08006604       0xc8 ./Middlewares/Third_Party/FreeRTOS/Source/tasks.o
                0x08006604                xTaskRemoveFromEventList
 .text.vTaskInternalSetTimeOutState
                0x080066cc       0x2c ./Middlewares/Third_Party/FreeRTOS/Source/tasks.o
                0x080066cc                vTaskInternalSetTimeOutState
 .text.xTaskCheckForTimeOut
                0x080066f8       0xc8 ./Middlewares/Third_Party/FreeRTOS/Source/tasks.o
                0x080066f8                xTaskCheckForTimeOut
 .text.vTaskMissedYield
                0x080067c0       0x18 ./Middlewares/Third_Party/FreeRTOS/Source/tasks.o
                0x080067c0                vTaskMissedYield
 .text.prvIdleTask
                0x080067d8       0x30 ./Middlewares/Third_Party/FreeRTOS/Source/tasks.o
 .text.prvInitialiseTaskLists
                0x08006808       0x80 ./Middlewares/Third_Party/FreeRTOS/Source/tasks.o
 .text.prvCheckTasksWaitingTermination
                0x08006888       0x5c ./Middlewares/Third_Party/FreeRTOS/Source/tasks.o
 .text.prvDeleteTCB
                0x080068e4       0x60 ./Middlewares/Third_Party/FreeRTOS/Source/tasks.o
 .text.prvResetNextTaskUnblockTime
                0x08006944       0x40 ./Middlewares/Third_Party/FreeRTOS/Source/tasks.o
 .text.xTaskGetSchedulerState
                0x08006984       0x3c ./Middlewares/Third_Party/FreeRTOS/Source/tasks.o
                0x08006984                xTaskGetSchedulerState
 .text.xTaskPriorityDisinherit
                0x080069c0       0xe0 ./Middlewares/Third_Party/FreeRTOS/Source/tasks.o
                0x080069c0                xTaskPriorityDisinherit
 .text.prvAddCurrentTaskToDelayedList
                0x08006aa0       0xa8 ./Middlewares/Third_Party/FreeRTOS/Source/tasks.o
 .text.xTimerCreateTimerTask
                0x08006b48       0x94 ./Middlewares/Third_Party/FreeRTOS/Source/timers.o
                0x08006b48                xTimerCreateTimerTask
 .text.xTimerGenericCommand
                0x08006bdc       0x9c ./Middlewares/Third_Party/FreeRTOS/Source/timers.o
                0x08006bdc                xTimerGenericCommand
 .text.prvProcessExpiredTimer
                0x08006c78       0x9c ./Middlewares/Third_Party/FreeRTOS/Source/timers.o
 .text.prvTimerTask
                0x08006d14       0x26 ./Middlewares/Third_Party/FreeRTOS/Source/timers.o
 *fill*         0x08006d3a        0x2 
 .text.prvProcessTimerOrBlockTask
                0x08006d3c       0x9c ./Middlewares/Third_Party/FreeRTOS/Source/timers.o
 .text.prvGetNextExpireTime
                0x08006dd8       0x44 ./Middlewares/Third_Party/FreeRTOS/Source/timers.o
 .text.prvSampleTimeNow
                0x08006e1c       0x40 ./Middlewares/Third_Party/FreeRTOS/Source/timers.o
 .text.prvInsertTimerInActiveList
                0x08006e5c       0x84 ./Middlewares/Third_Party/FreeRTOS/Source/timers.o
 .text.prvProcessReceivedCommands
                0x08006ee0      0x1cc ./Middlewares/Third_Party/FreeRTOS/Source/timers.o
 .text.prvSwitchTimerLists
                0x080070ac       0xcc ./Middlewares/Third_Party/FreeRTOS/Source/timers.o
 .text.prvCheckForValidListAndQueue
                0x08007178       0x80 ./Middlewares/Third_Party/FreeRTOS/Source/timers.o
 .text.pxPortInitialiseStack
                0x080071f8       0x58 ./Middlewares/Third_Party/FreeRTOS/Source/portable/GCC/ARM_CM3/port.o
                0x080071f8                pxPortInitialiseStack
 .text.prvTaskExitError
                0x08007250       0x58 ./Middlewares/Third_Party/FreeRTOS/Source/portable/GCC/ARM_CM3/port.o
 *fill*         0x080072a8        0x8 
 .text.SVC_Handler
                0x080072b0       0x28 ./Middlewares/Third_Party/FreeRTOS/Source/portable/GCC/ARM_CM3/port.o
                0x080072b0                SVC_Handler
 .text.prvPortStartFirstTask
                0x080072d8       0x20 ./Middlewares/Third_Party/FreeRTOS/Source/portable/GCC/ARM_CM3/port.o
 .text.xPortStartScheduler
                0x080072f8       0xe4 ./Middlewares/Third_Party/FreeRTOS/Source/portable/GCC/ARM_CM3/port.o
                0x080072f8                xPortStartScheduler
 .text.vPortEnterCritical
                0x080073dc       0x60 ./Middlewares/Third_Party/FreeRTOS/Source/portable/GCC/ARM_CM3/port.o
                0x080073dc                vPortEnterCritical
 .text.vPortExitCritical
                0x0800743c       0x54 ./Middlewares/Third_Party/FreeRTOS/Source/portable/GCC/ARM_CM3/port.o
                0x0800743c                vPortExitCritical
 .text.PendSV_Handler
                0x08007490       0x48 ./Middlewares/Third_Party/FreeRTOS/Source/portable/GCC/ARM_CM3/port.o
                0x08007490                PendSV_Handler
 .text.xPortSysTickHandler
                0x080074d8       0x44 ./Middlewares/Third_Party/FreeRTOS/Source/portable/GCC/ARM_CM3/port.o
                0x080074d8                xPortSysTickHandler
 .text.vPortSetupTimerInterrupt
                0x0800751c       0x44 ./Middlewares/Third_Party/FreeRTOS/Source/portable/GCC/ARM_CM3/port.o
                0x0800751c                vPortSetupTimerInterrupt
 .text.vPortValidateInterruptPriority
                0x08007560       0x80 ./Middlewares/Third_Party/FreeRTOS/Source/portable/GCC/ARM_CM3/port.o
                0x08007560                vPortValidateInterruptPriority
 .text.pvPortMalloc
                0x080075e0      0x19c ./Middlewares/Third_Party/FreeRTOS/Source/portable/MemMang/heap_4.o
                0x080075e0                pvPortMalloc
 .text.vPortFree
                0x0800777c       0xc8 ./Middlewares/Third_Party/FreeRTOS/Source/portable/MemMang/heap_4.o
                0x0800777c                vPortFree
 .text.prvHeapInit
                0x08007844       0xc4 ./Middlewares/Third_Party/FreeRTOS/Source/portable/MemMang/heap_4.o
 .text.prvInsertBlockIntoFreeList
                0x08007908       0xb0 ./Middlewares/Third_Party/FreeRTOS/Source/portable/MemMang/heap_4.o
 .text.fmod     0x080079b8       0x58 D:/ST/STM32CubeIDE_2.1.1/STM32CubeIDE/plugins/com.st.stm32cube.ide.mcu.externaltools.gnu-tools-for-stm32.14.3.rel1.win32_1.0.100.202602081740/tools/bin/../lib/gcc/arm-none-eabi/14.3.1/../../../../arm-none-eabi/lib/thumb/v7-m/nofp\libm.a(libm_a-w_fmod.o)
                0x080079b8                fmod
 .text.fmaxf    0x08007a10       0x2c D:/ST/STM32CubeIDE_2.1.1/STM32CubeIDE/plugins/com.st.stm32cube.ide.mcu.externaltools.gnu-tools-for-stm32.14.3.rel1.win32_1.0.100.202602081740/tools/bin/../lib/gcc/arm-none-eabi/14.3.1/../../../../arm-none-eabi/lib/thumb/v7-m/nofp\libm.a(libm_a-sf_fmax.o)
                0x08007a10                fmaxf
 .text.fminf    0x08007a3c       0x2c D:/ST/STM32CubeIDE_2.1.1/STM32CubeIDE/plugins/com.st.stm32cube.ide.mcu.externaltools.gnu-tools-for-stm32.14.3.rel1.win32_1.0.100.202602081740/tools/bin/../lib/gcc/arm-none-eabi/14.3.1/../../../../arm-none-eabi/lib/thumb/v7-m/nofp\libm.a(libm_a-sf_fmin.o)
                0x08007a3c                fminf
 .text.__fpclassifyf
                0x08007a68       0x34 D:/ST/STM32CubeIDE_2.1.1/STM32CubeIDE/plugins/com.st.stm32cube.ide.mcu.externaltools.gnu-tools-for-stm32.14.3.rel1.win32_1.0.100.202602081740/tools/bin/../lib/gcc/arm-none-eabi/14.3.1/../../../../arm-none-eabi/lib/thumb/v7-m/nofp\libm.a(libm_a-sf_fpclassify.o)
                0x08007a68                __fpclassifyf
 *fill*         0x08007a9c        0x4 
 .text.floor    0x08007aa0      0x108 D:/ST/STM32CubeIDE_2.1.1/STM32CubeIDE/plugins/com.st.stm32cube.ide.mcu.externaltools.gnu-tools-for-stm32.14.3.rel1.win32_1.0.100.202602081740/tools/bin/../lib/gcc/arm-none-eabi/14.3.1/../../../../arm-none-eabi/lib/thumb/v7-m/nofp\libm.a(libm_a-s_floor.o)
                0x08007aa0                floor
 .text.__ieee754_fmod
                0x08007ba8      0x38c D:/ST/STM32CubeIDE_2.1.1/STM32CubeIDE/plugins/com.st.stm32cube.ide.mcu.externaltools.gnu-tools-for-stm32.14.3.rel1.win32_1.0.100.202602081740/tools/bin/../lib/gcc/arm-none-eabi/14.3.1/../../../../arm-none-eabi/lib/thumb/v7-m/nofp\libm.a(libm_a-e_fmod.o)
                0x08007ba8                __ieee754_fmod
 .text.memset   0x08007f34       0x10 D:/ST/STM32CubeIDE_2.1.1/STM32CubeIDE/plugins/com.st.stm32cube.ide.mcu.externaltools.gnu-tools-for-stm32.14.3.rel1.win32_1.0.100.202602081740/tools/bin/../lib/gcc/arm-none-eabi/14.3.1/../../../../arm-none-eabi/lib/thumb/v7-m/nofp\libc_nano.a(libc_a-memset.o)
                0x08007f34                memset
 .text.__errno  0x08007f44        0xc D:/ST/STM32CubeIDE_2.1.1/STM32CubeIDE/plugins/com.st.stm32cube.ide.mcu.externaltools.gnu-tools-for-stm32.14.3.rel1.win32_1.0.100.202602081740/tools/bin/../lib/gcc/arm-none-eabi/14.3.1/../../../../arm-none-eabi/lib/thumb/v7-m/nofp\libc_nano.a(libc_a-errno.o)
                0x08007f44                __errno
 .text.__libc_init_array
                0x08007f50       0x48 D:/ST/STM32CubeIDE_2.1.1/STM32CubeIDE/plugins/com.st.stm32cube.ide.mcu.externaltools.gnu-tools-for-stm32.14.3.rel1.win32_1.0.100.202602081740/tools/bin/../lib/gcc/arm-none-eabi/14.3.1/../../../../arm-none-eabi/lib/thumb/v7-m/nofp\libc_nano.a(libc_a-init.o)
                0x08007f50                __libc_init_array
 .text.memcpy   0x08007f98       0x1c D:/ST/STM32CubeIDE_2.1.1/STM32CubeIDE/plugins/com.st.stm32cube.ide.mcu.externaltools.gnu-tools-for-stm32.14.3.rel1.win32_1.0.100.202602081740/tools/bin/../lib/gcc/arm-none-eabi/14.3.1/../../../../arm-none-eabi/lib/thumb/v7-m/nofp\libc_nano.a(libc_a-memcpy-stub.o)
                0x08007f98                memcpy
 *(.glue_7)
 .glue_7        0x08007fb4        0x0 linker stubs
 *(.glue_7t)
 .glue_7t       0x08007fb4        0x0 linker stubs
 *(.eh_frame)
 .eh_frame      0x08007fb4        0x0 D:/ST/STM32CubeIDE_2.1.1/STM32CubeIDE/plugins/com.st.stm32cube.ide.mcu.externaltools.gnu-tools-for-stm32.14.3.rel1.win32_1.0.100.202602081740/tools/bin/../lib/gcc/arm-none-eabi/14.3.1/thumb/v7-m/nofp/crtbegin.o
 *(.init)
 .init          0x08007fb4        0x4 D:/ST/STM32CubeIDE_2.1.1/STM32CubeIDE/plugins/com.st.stm32cube.ide.mcu.externaltools.gnu-tools-for-stm32.14.3.rel1.win32_1.0.100.202602081740/tools/bin/../lib/gcc/arm-none-eabi/14.3.1/thumb/v7-m/nofp/crti.o
                0x08007fb4                _init
 .init          0x08007fb8        0x8 D:/ST/STM32CubeIDE_2.1.1/STM32CubeIDE/plugins/com.st.stm32cube.ide.mcu.externaltools.gnu-tools-for-stm32.14.3.rel1.win32_1.0.100.202602081740/tools/bin/../lib/gcc/arm-none-eabi/14.3.1/thumb/v7-m/nofp/crtn.o
 *(.fini)
 .fini          0x08007fc0        0x4 D:/ST/STM32CubeIDE_2.1.1/STM32CubeIDE/plugins/com.st.stm32cube.ide.mcu.externaltools.gnu-tools-for-stm32.14.3.rel1.win32_1.0.100.202602081740/tools/bin/../lib/gcc/arm-none-eabi/14.3.1/thumb/v7-m/nofp/crti.o
                0x08007fc0                _fini
 .fini          0x08007fc4        0x8 D:/ST/STM32CubeIDE_2.1.1/STM32CubeIDE/plugins/com.st.stm32cube.ide.mcu.externaltools.gnu-tools-for-stm32.14.3.rel1.win32_1.0.100.202602081740/tools/bin/../lib/gcc/arm-none-eabi/14.3.1/thumb/v7-m/nofp/crtn.o
                0x08007fcc                        . = ALIGN (0x4)
                0x08007fcc                        _etext = .

.vfp11_veneer   0x08007fcc        0x0
 .vfp11_veneer  0x08007fcc        0x0 linker stubs

.v4_bx          0x08007fcc        0x0
 .v4_bx         0x08007fcc        0x0 linker stubs

.iplt           0x08007fcc        0x0
 .iplt          0x08007fcc        0x0 D:/ST/STM32CubeIDE_2.1.1/STM32CubeIDE/plugins/com.st.stm32cube.ide.mcu.externaltools.gnu-tools-for-stm32.14.3.rel1.win32_1.0.100.202602081740/tools/bin/../lib/gcc/arm-none-eabi/14.3.1/thumb/v7-m/nofp/crtbegin.o

.rodata         0x08007fd0       0xb0
                0x08007fd0                        . = ALIGN (0x4)
 *(.rodata)
 .rodata        0x08007fd0        0xa ./Core/Src/main.o
 *fill*         0x08007fda        0x2 
 .rodata        0x08007fdc        0x5 ./Middlewares/Third_Party/FreeRTOS/Source/tasks.o
 *fill*         0x08007fe1        0x3 
 .rodata        0x08007fe4        0xd ./Middlewares/Third_Party/FreeRTOS/Source/timers.o
 *(.rodata*)
 *fill*         0x08007ff1        0x3 
 .rodata._ZTV9BLDCMotor
                0x08007ff4       0x20 ./Core/Src/BLDCMotor.o
                0x08007ff4                vtable for BLDCMotor
 .rodata.APBPrescTable
                0x08008014        0x8 ./Core/Src/system_stm32f1xx.o
                0x08008014                APBPrescTable
 .rodata._ZTV8FOCMotor
                0x0800801c       0x20 ./Core/Src/common/base_classes/FOCMotor.o
                0x0800801c                vtable for FOCMotor
 .rodata._ZTV14BLDCDriver3PWM
                0x0800803c       0x18 ./Core/Src/motor_drivers/BLDCDriver3PWM.o
                0x0800803c                vtable for BLDCDriver3PWM
 .rodata._ZTV10BLDCDriver
                0x08008054       0x18 ./Core/Src/motor_drivers/BLDCDriver3PWM.o
                0x08008054                vtable for BLDCDriver
 *fill*         0x0800806c        0x4 
 .rodata.Zero   0x08008070       0x10 D:/ST/STM32CubeIDE_2.1.1/STM32CubeIDE/plugins/com.st.stm32cube.ide.mcu.externaltools.gnu-tools-for-stm32.14.3.rel1.win32_1.0.100.202602081740/tools/bin/../lib/gcc/arm-none-eabi/14.3.1/../../../../arm-none-eabi/lib/thumb/v7-m/nofp\libm.a(libm_a-e_fmod.o)
                0x08008080                        . = ALIGN (0x4)

.ARM.extab      0x08008080        0x0
                0x08008080                        . = ALIGN (0x4)
 *(.ARM.extab* .gnu.linkonce.armextab.*)
                0x08008080                        . = ALIGN (0x4)

.ARM            0x08008080        0x0
                0x08008080                        . = ALIGN (0x4)
                0x08008080                        __exidx_start = .
 *(.ARM.exidx*)
                0x08008080                        __exidx_end = .
                0x08008080                        . = ALIGN (0x4)

.preinit_array  0x08008080        0x0
                0x08008080                        . = ALIGN (0x4)
                0x08008080                        PROVIDE (__preinit_array_start = .)
 *(.preinit_array*)
                0x08008080                        PROVIDE (__preinit_array_end = .)
                0x08008080                        . = ALIGN (0x4)

.init_array     0x08008080        0x8
                0x08008080                        . = ALIGN (0x4)
                0x08008080                        PROVIDE (__init_array_start = .)
 *(SORT_BY_NAME(.init_array.*))
 *(.init_array*)
 .init_array    0x08008080        0x4 D:/ST/STM32CubeIDE_2.1.1/STM32CubeIDE/plugins/com.st.stm32cube.ide.mcu.externaltools.gnu-tools-for-stm32.14.3.rel1.win32_1.0.100.202602081740/tools/bin/../lib/gcc/arm-none-eabi/14.3.1/thumb/v7-m/nofp/crtbegin.o
 .init_array    0x08008084        0x4 ./Core/Src/main.o
                0x08008088                        PROVIDE (__init_array_end = .)
                0x08008088                        . = ALIGN (0x4)

.fini_array     0x08008088        0x4
                0x08008088                        . = ALIGN (0x4)
                [!provide]                        PROVIDE (__fini_array_start = .)
 *(SORT_BY_NAME(.fini_array.*))
 *(.fini_array*)
 .fini_array    0x08008088        0x4 D:/ST/STM32CubeIDE_2.1.1/STM32CubeIDE/plugins/com.st.stm32cube.ide.mcu.externaltools.gnu-tools-for-stm32.14.3.rel1.win32_1.0.100.202602081740/tools/bin/../lib/gcc/arm-none-eabi/14.3.1/thumb/v7-m/nofp/crtbegin.o
                [!provide]                        PROVIDE (__fini_array_end = .)
                0x0800808c                        . = ALIGN (0x4)
                0x0800808c                        _sidata = LOADADDR (.data)

.rel.dyn        0x0800808c        0x0
 .rel.iplt      0x0800808c        0x0 D:/ST/STM32CubeIDE_2.1.1/STM32CubeIDE/plugins/com.st.stm32cube.ide.mcu.externaltools.gnu-tools-for-stm32.14.3.rel1.win32_1.0.100.202602081740/tools/bin/../lib/gcc/arm-none-eabi/14.3.1/thumb/v7-m/nofp/crtbegin.o

.data           0x20000000      0x458 load address 0x0800808c
                0x20000000                        . = ALIGN (0x4)
                0x20000000                        _sdata = .
 *(.data)
 *(.data*)
 .data._ZZN9BLDCMotor15setPhaseVoltageEfffE12trap_120_map
                0x20000000       0x48 ./Core/Src/BLDCMotor.o
 .data._ZZN9BLDCMotor15setPhaseVoltageEfffE12trap_150_map
                0x20000048       0x90 ./Core/Src/BLDCMotor.o
 .data.SystemCoreClock
                0x200000d8        0x4 ./Core/Src/system_stm32f1xx.o
                0x200000d8                SystemCoreClock
 .data.sine_array
                0x200000dc      0x320 ./Core/Src/common/foc_utils.o
                0x200000dc                sine_array
 .data.uwTickPrio
                0x200003fc        0x4 ./Drivers/STM32F1xx_HAL_Driver/Src/stm32f1xx_hal.o
                0x200003fc                uwTickPrio
 .data.uwTickFreq
                0x20000400        0x1 ./Drivers/STM32F1xx_HAL_Driver/Src/stm32f1xx_hal.o
                0x20000400                uwTickFreq
 *fill*         0x20000401        0x3 
 .data.uxCriticalNesting
                0x20000404        0x4 ./Middlewares/Third_Party/FreeRTOS/Source/portable/GCC/ARM_CM3/port.o
 .data._impure_ptr
                0x20000408        0x4 D:/ST/STM32CubeIDE_2.1.1/STM32CubeIDE/plugins/com.st.stm32cube.ide.mcu.externaltools.gnu-tools-for-stm32.14.3.rel1.win32_1.0.100.202602081740/tools/bin/../lib/gcc/arm-none-eabi/14.3.1/../../../../arm-none-eabi/lib/thumb/v7-m/nofp\libc_nano.a(libc_a-impure.o)
                0x20000408                _impure_ptr
 .data._impure_data
                0x2000040c       0x4c D:/ST/STM32CubeIDE_2.1.1/STM32CubeIDE/plugins/com.st.stm32cube.ide.mcu.externaltools.gnu-tools-for-stm32.14.3.rel1.win32_1.0.100.202602081740/tools/bin/../lib/gcc/arm-none-eabi/14.3.1/../../../../arm-none-eabi/lib/thumb/v7-m/nofp\libc_nano.a(libc_a-impure.o)
                0x2000040c                _impure_data
 *(.RamFunc)
 *(.RamFunc*)
                0x20000458                        . = ALIGN (0x4)
                0x20000458                        _edata = .

.igot.plt       0x20000458        0x0 load address 0x080084e4
 .igot.plt      0x20000458        0x0 D:/ST/STM32CubeIDE_2.1.1/STM32CubeIDE/plugins/com.st.stm32cube.ide.mcu.externaltools.gnu-tools-for-stm32.14.3.rel1.win32_1.0.100.202602081740/tools/bin/../lib/gcc/arm-none-eabi/14.3.1/thumb/v7-m/nofp/crtbegin.o
                0x20000458                        . = ALIGN (0x4)

.bss            0x20000458     0x1eb4 load address 0x080084e4
                0x20000458                        _sbss = .
                0x20000458                        __bss_start__ = _sbss
 *(.bss)
 .bss           0x20000458       0x1c D:/ST/STM32CubeIDE_2.1.1/STM32CubeIDE/plugins/com.st.stm32cube.ide.mcu.externaltools.gnu-tools-for-stm32.14.3.rel1.win32_1.0.100.202602081740/tools/bin/../lib/gcc/arm-none-eabi/14.3.1/thumb/v7-m/nofp/crtbegin.o
 *(.bss*)
 .bss.hi2c2     0x20000474       0x54 ./Core/Src/i2c.o
                0x20000474                hi2c2
 .bss.motorTaskHandle
                0x200004c8        0x4 ./Core/Src/main.o
                0x200004c8                motorTaskHandle
 .bss.driverMot0
                0x200004cc       0x2c ./Core/Src/main.o
                0x200004cc                driverMot0
 .bss.driverMot1
                0x200004f8       0x2c ./Core/Src/main.o
                0x200004f8                driverMot1
 .bss.driverMot2
                0x20000524       0x2c ./Core/Src/main.o
                0x20000524                driverMot2
 .bss.motor0    0x20000550       0xb0 ./Core/Src/main.o
                0x20000550                motor0
 .bss.motor1    0x20000600       0xb0 ./Core/Src/main.o
                0x20000600                motor1
 .bss.motor2    0x200006b0       0xb0 ./Core/Src/main.o
                0x200006b0                motor2
 .bss.htim2     0x20000760       0x48 ./Core/Src/tim.o
                0x20000760                htim2
 .bss.htim3     0x200007a8       0x48 ./Core/Src/tim.o
                0x200007a8                htim3
 .bss.htim4     0x200007f0       0x48 ./Core/Src/tim.o
                0x200007f0                htim4
 .bss.huart3    0x20000838       0x48 ./Core/Src/usart.o
                0x20000838                huart3
 .bss.uwTick    0x20000880        0x4 ./Drivers/STM32F1xx_HAL_Driver/Src/stm32f1xx_hal.o
                0x20000880                uwTick
 .bss.KernelState
                0x20000884        0x4 ./Middlewares/Third_Party/FreeRTOS/Source/CMSIS_RTOS_V2/cmsis_os2.o
 .bss.Idle_TCB.3
                0x20000888       0x5c ./Middlewares/Third_Party/FreeRTOS/Source/CMSIS_RTOS_V2/cmsis_os2.o
 .bss.Idle_Stack.2
                0x200008e4      0x200 ./Middlewares/Third_Party/FreeRTOS/Source/CMSIS_RTOS_V2/cmsis_os2.o
 .bss.Timer_TCB.1
                0x20000ae4       0x5c ./Middlewares/Third_Party/FreeRTOS/Source/CMSIS_RTOS_V2/cmsis_os2.o
 .bss.Timer_Stack.0
                0x20000b40      0x400 ./Middlewares/Third_Party/FreeRTOS/Source/CMSIS_RTOS_V2/cmsis_os2.o
 .bss.xQueueRegistry
                0x20000f40       0x40 ./Middlewares/Third_Party/FreeRTOS/Source/queue.o
                0x20000f40                xQueueRegistry
 .bss.pxCurrentTCB
                0x20000f80        0x4 ./Middlewares/Third_Party/FreeRTOS/Source/tasks.o
                0x20000f80                pxCurrentTCB
 .bss.pxReadyTasksLists
                0x20000f84      0x460 ./Middlewares/Third_Party/FreeRTOS/Source/tasks.o
 .bss.xDelayedTaskList1
                0x200013e4       0x14 ./Middlewares/Third_Party/FreeRTOS/Source/tasks.o
 .bss.xDelayedTaskList2
                0x200013f8       0x14 ./Middlewares/Third_Party/FreeRTOS/Source/tasks.o
 .bss.pxDelayedTaskList
                0x2000140c        0x4 ./Middlewares/Third_Party/FreeRTOS/Source/tasks.o
 .bss.pxOverflowDelayedTaskList
                0x20001410        0x4 ./Middlewares/Third_Party/FreeRTOS/Source/tasks.o
 .bss.xPendingReadyList
                0x20001414       0x14 ./Middlewares/Third_Party/FreeRTOS/Source/tasks.o
 .bss.xTasksWaitingTermination
                0x20001428       0x14 ./Middlewares/Third_Party/FreeRTOS/Source/tasks.o
 .bss.uxDeletedTasksWaitingCleanUp
                0x2000143c        0x4 ./Middlewares/Third_Party/FreeRTOS/Source/tasks.o
 .bss.xSuspendedTaskList
                0x20001440       0x14 ./Middlewares/Third_Party/FreeRTOS/Source/tasks.o
 .bss.uxCurrentNumberOfTasks
                0x20001454        0x4 ./Middlewares/Third_Party/FreeRTOS/Source/tasks.o
 .bss.xTickCount
                0x20001458        0x4 ./Middlewares/Third_Party/FreeRTOS/Source/tasks.o
 .bss.uxTopReadyPriority
                0x2000145c        0x4 ./Middlewares/Third_Party/FreeRTOS/Source/tasks.o
 .bss.xSchedulerRunning
                0x20001460        0x4 ./Middlewares/Third_Party/FreeRTOS/Source/tasks.o
 .bss.xPendedTicks
                0x20001464        0x4 ./Middlewares/Third_Party/FreeRTOS/Source/tasks.o
 .bss.xYieldPending
                0x20001468        0x4 ./Middlewares/Third_Party/FreeRTOS/Source/tasks.o
 .bss.xNumOfOverflows
                0x2000146c        0x4 ./Middlewares/Third_Party/FreeRTOS/Source/tasks.o
 .bss.uxTaskNumber
                0x20001470        0x4 ./Middlewares/Third_Party/FreeRTOS/Source/tasks.o
 .bss.xNextTaskUnblockTime
                0x20001474        0x4 ./Middlewares/Third_Party/FreeRTOS/Source/tasks.o
 .bss.xIdleTaskHandle
                0x20001478        0x4 ./Middlewares/Third_Party/FreeRTOS/Source/tasks.o
 .bss.uxSchedulerSuspended
                0x2000147c        0x4 ./Middlewares/Third_Party/FreeRTOS/Source/tasks.o
 .bss.xActiveTimerList1
                0x20001480       0x14 ./Middlewares/Third_Party/FreeRTOS/Source/timers.o
 .bss.xActiveTimerList2
                0x20001494       0x14 ./Middlewares/Third_Party/FreeRTOS/Source/timers.o
 .bss.pxCurrentTimerList
                0x200014a8        0x4 ./Middlewares/Third_Party/FreeRTOS/Source/timers.o
 .bss.pxOverflowTimerList
                0x200014ac        0x4 ./Middlewares/Third_Party/FreeRTOS/Source/timers.o
 .bss.xTimerQueue
                0x200014b0        0x4 ./Middlewares/Third_Party/FreeRTOS/Source/timers.o
 .bss.xTimerTaskHandle
                0x200014b4        0x4 ./Middlewares/Third_Party/FreeRTOS/Source/timers.o
 .bss.xLastTime.2
                0x200014b8        0x4 ./Middlewares/Third_Party/FreeRTOS/Source/timers.o
 .bss.ucStaticTimerQueueStorage.1
                0x200014bc       0xa0 ./Middlewares/Third_Party/FreeRTOS/Source/timers.o
 .bss.xStaticTimerQueue.0
                0x2000155c       0x50 ./Middlewares/Third_Party/FreeRTOS/Source/timers.o
 .bss.ucMaxSysCallPriority
                0x200015ac        0x1 ./Middlewares/Third_Party/FreeRTOS/Source/portable/GCC/ARM_CM3/port.o
 *fill*         0x200015ad        0x3 
 .bss.ulMaxPRIGROUPValue
                0x200015b0        0x4 ./Middlewares/Third_Party/FreeRTOS/Source/portable/GCC/ARM_CM3/port.o
 .bss.ucHeap    0x200015b4      0xc00 ./Middlewares/Third_Party/FreeRTOS/Source/portable/MemMang/heap_4.o
 .bss.xStart    0x200021b4        0x8 ./Middlewares/Third_Party/FreeRTOS/Source/portable/MemMang/heap_4.o
 .bss.pxEnd     0x200021bc        0x4 ./Middlewares/Third_Party/FreeRTOS/Source/portable/MemMang/heap_4.o
 .bss.xFreeBytesRemaining
                0x200021c0        0x4 ./Middlewares/Third_Party/FreeRTOS/Source/portable/MemMang/heap_4.o
 .bss.xMinimumEverFreeBytesRemaining
                0x200021c4        0x4 ./Middlewares/Third_Party/FreeRTOS/Source/portable/MemMang/heap_4.o
 .bss.xNumberOfSuccessfulAllocations
                0x200021c8        0x4 ./Middlewares/Third_Party/FreeRTOS/Source/portable/MemMang/heap_4.o
 .bss.xNumberOfSuccessfulFrees
                0x200021cc        0x4 ./Middlewares/Third_Party/FreeRTOS/Source/portable/MemMang/heap_4.o
 .bss.xBlockAllocatedBit
                0x200021d0        0x4 ./Middlewares/Third_Party/FreeRTOS/Source/portable/MemMang/heap_4.o
 .bss.__sf      0x200021d4      0x138 D:/ST/STM32CubeIDE_2.1.1/STM32CubeIDE/plugins/com.st.stm32cube.ide.mcu.externaltools.gnu-tools-for-stm32.14.3.rel1.win32_1.0.100.202602081740/tools/bin/../lib/gcc/arm-none-eabi/14.3.1/../../../../arm-none-eabi/lib/thumb/v7-m/nofp\libc_nano.a(libc_a-findfp.o)
                0x200021d4                __sf
 *(COMMON)
                0x2000230c                        . = ALIGN (0x4)
                0x2000230c                        _ebss = .
                0x2000230c                        __bss_end__ = _ebss

._user_heap_stack
                0x2000230c      0x604 load address 0x080084e4
                0x20002310                        . = ALIGN (0x8)
 *fill*         0x2000230c        0x4 
                [!provide]                        PROVIDE (end = .)
                0x20002310                        PROVIDE (_end = .)
                0x20002510                        . = (. + _Min_Heap_Size)
 *fill*         0x20002310      0x200 
                0x20002910                        . = (. + _Min_Stack_Size)
 *fill*         0x20002510      0x400 
                0x20002910                        . = ALIGN (0x8)

/DISCARD/
 libc.a(*)
 libm.a(*)
 libgcc.a(*)

.ARM.attributes
                0x00000000       0x29
 *(.ARM.attributes)
 .ARM.attributes
                0x00000000       0x1d D:/ST/STM32CubeIDE_2.1.1/STM32CubeIDE/plugins/com.st.stm32cube.ide.mcu.externaltools.gnu-tools-for-stm32.14.3.rel1.win32_1.0.100.202602081740/tools/bin/../lib/gcc/arm-none-eabi/14.3.1/thumb/v7-m/nofp/crti.o
 .ARM.attributes
                0x0000001d       0x2d D:/ST/STM32CubeIDE_2.1.1/STM32CubeIDE/plugins/com.st.stm32cube.ide.mcu.externaltools.gnu-tools-for-stm32.14.3.rel1.win32_1.0.100.202602081740/tools/bin/../lib/gcc/arm-none-eabi/14.3.1/thumb/v7-m/nofp/crtbegin.o
 .ARM.attributes
                0x0000004a       0x2d ./Core/Src/BLDCMotor.o
 .ARM.attributes
                0x00000077       0x2d ./Core/Src/gpio.o
 .ARM.attributes
                0x000000a4       0x2d ./Core/Src/i2c.o
 .ARM.attributes
                0x000000d1       0x2d ./Core/Src/main.o
 .ARM.attributes
                0x000000fe       0x2d ./Core/Src/stm32f1xx_hal_msp.o
 .ARM.attributes
                0x0000012b       0x2d ./Core/Src/stm32f1xx_it.o
 .ARM.attributes
                0x00000158       0x2d ./Core/Src/system_stm32f1xx.o
 .ARM.attributes
                0x00000185       0x2d ./Core/Src/tim.o
 .ARM.attributes
                0x000001b2       0x2d ./Core/Src/usart.o
 .ARM.attributes
                0x000001df       0x2d ./Core/Src/common/base_classes/FOCMotor.o
 .ARM.attributes
                0x0000020c       0x2d ./Core/Src/common/foc_utils.o
 .ARM.attributes
                0x00000239       0x2d ./Core/Src/common/lowpass_filter.o
 .ARM.attributes
                0x00000266       0x2d ./Core/Src/common/pid.o
 .ARM.attributes
                0x00000293       0x2d ./Core/Src/common/time_utils.o
 .ARM.attributes
                0x000002c0       0x2d ./Core/Src/motor_drivers/BLDCDriver3PWM.o
 .ARM.attributes
                0x000002ed       0x21 ./Core/Startup/startup_stm32f103rctx.o
 .ARM.attributes
                0x0000030e       0x2d ./Drivers/STM32F1xx_HAL_Driver/Src/stm32f1xx_hal.o
 .ARM.attributes
                0x0000033b       0x2d ./Drivers/STM32F1xx_HAL_Driver/Src/stm32f1xx_hal_cortex.o
 .ARM.attributes
                0x00000368       0x2d ./Drivers/STM32F1xx_HAL_Driver/Src/stm32f1xx_hal_gpio.o
 .ARM.attributes
                0x00000395       0x2d ./Drivers/STM32F1xx_HAL_Driver/Src/stm32f1xx_hal_i2c.o
 .ARM.attributes
                0x000003c2       0x2d ./Drivers/STM32F1xx_HAL_Driver/Src/stm32f1xx_hal_rcc.o
 .ARM.attributes
                0x000003ef       0x2d ./Drivers/STM32F1xx_HAL_Driver/Src/stm32f1xx_hal_tim.o
 .ARM.attributes
                0x0000041c       0x2d ./Drivers/STM32F1xx_HAL_Driver/Src/stm32f1xx_hal_tim_ex.o
 .ARM.attributes
                0x00000449       0x2d ./Drivers/STM32F1xx_HAL_Driver/Src/stm32f1xx_hal_uart.o
 .ARM.attributes
                0x00000476       0x2d ./Middlewares/Third_Party/FreeRTOS/Source/CMSIS_RTOS_V2/cmsis_os2.o
 .ARM.attributes
                0x000004a3       0x2d ./Middlewares/Third_Party/FreeRTOS/Source/list.o
 .ARM.attributes
                0x000004d0       0x2d ./Middlewares/Third_Party/FreeRTOS/Source/queue.o
 .ARM.attributes
                0x000004fd       0x2d ./Middlewares/Third_Party/FreeRTOS/Source/tasks.o
 .ARM.attributes
                0x0000052a       0x2d ./Middlewares/Third_Party/FreeRTOS/Source/timers.o
 .ARM.attributes
                0x00000557       0x2d ./Middlewares/Third_Party/FreeRTOS/Source/portable/GCC/ARM_CM3/port.o
 .ARM.attributes
                0x00000584       0x2d ./Middlewares/Third_Party/FreeRTOS/Source/portable/MemMang/heap_4.o
 .ARM.attributes
                0x000005b1       0x2d D:/ST/STM32CubeIDE_2.1.1/STM32CubeIDE/plugins/com.st.stm32cube.ide.mcu.externaltools.gnu-tools-for-stm32.14.3.rel1.win32_1.0.100.202602081740/tools/bin/../lib/gcc/arm-none-eabi/14.3.1/../../../../arm-none-eabi/lib/thumb/v7-m/nofp\libm.a(libm_a-w_fmod.o)
 .ARM.attributes
                0x000005de       0x2d D:/ST/STM32CubeIDE_2.1.1/STM32CubeIDE/plugins/com.st.stm32cube.ide.mcu.externaltools.gnu-tools-for-stm32.14.3.rel1.win32_1.0.100.202602081740/tools/bin/../lib/gcc/arm-none-eabi/14.3.1/../../../../arm-none-eabi/lib/thumb/v7-m/nofp\libm.a(libm_a-sf_fmax.o)
 .ARM.attributes
                0x0000060b       0x2d D:/ST/STM32CubeIDE_2.1.1/STM32CubeIDE/plugins/com.st.stm32cube.ide.mcu.externaltools.gnu-tools-for-stm32.14.3.rel1.win32_1.0.100.202602081740/tools/bin/../lib/gcc/arm-none-eabi/14.3.1/../../../../arm-none-eabi/lib/thumb/v7-m/nofp\libm.a(libm_a-sf_fmin.o)
 .ARM.attributes
                0x00000638       0x2d D:/ST/STM32CubeIDE_2.1.1/STM32CubeIDE/plugins/com.st.stm32cube.ide.mcu.externaltools.gnu-tools-for-stm32.14.3.rel1.win32_1.0.100.202602081740/tools/bin/../lib/gcc/arm-none-eabi/14.3.1/../../../../arm-none-eabi/lib/thumb/v7-m/nofp\libm.a(libm_a-sf_fpclassify.o)
 .ARM.attributes
                0x00000665       0x2d D:/ST/STM32CubeIDE_2.1.1/STM32CubeIDE/plugins/com.st.stm32cube.ide.mcu.externaltools.gnu-tools-for-stm32.14.3.rel1.win32_1.0.100.202602081740/tools/bin/../lib/gcc/arm-none-eabi/14.3.1/../../../../arm-none-eabi/lib/thumb/v7-m/nofp\libm.a(libm_a-s_floor.o)
 .ARM.attributes
                0x00000692       0x2d D:/ST/STM32CubeIDE_2.1.1/STM32CubeIDE/plugins/com.st.stm32cube.ide.mcu.externaltools.gnu-tools-for-stm32.14.3.rel1.win32_1.0.100.202602081740/tools/bin/../lib/gcc/arm-none-eabi/14.3.1/../../../../arm-none-eabi/lib/thumb/v7-m/nofp\libm.a(libm_a-e_fmod.o)
 .ARM.attributes
                0x000006bf       0x2d D:/ST/STM32CubeIDE_2.1.1/STM32CubeIDE/plugins/com.st.stm32cube.ide.mcu.externaltools.gnu-tools-for-stm32.14.3.rel1.win32_1.0.100.202602081740/tools/bin/../lib/gcc/arm-none-eabi/14.3.1/../../../../arm-none-eabi/lib/thumb/v7-m/nofp\libc_nano.a(libc_a-findfp.o)
 .ARM.attributes
                0x000006ec       0x2d D:/ST/STM32CubeIDE_2.1.1/STM32CubeIDE/plugins/com.st.stm32cube.ide.mcu.externaltools.gnu-tools-for-stm32.14.3.rel1.win32_1.0.100.202602081740/tools/bin/../lib/gcc/arm-none-eabi/14.3.1/../../../../arm-none-eabi/lib/thumb/v7-m/nofp\libc_nano.a(libc_a-memset.o)
 .ARM.attributes
                0x00000719       0x2d D:/ST/STM32CubeIDE_2.1.1/STM32CubeIDE/plugins/com.st.stm32cube.ide.mcu.externaltools.gnu-tools-for-stm32.14.3.rel1.win32_1.0.100.202602081740/tools/bin/../lib/gcc/arm-none-eabi/14.3.1/../../../../arm-none-eabi/lib/thumb/v7-m/nofp\libc_nano.a(libc_a-impure.o)
 .ARM.attributes
                0x00000746       0x2d D:/ST/STM32CubeIDE_2.1.1/STM32CubeIDE/plugins/com.st.stm32cube.ide.mcu.externaltools.gnu-tools-for-stm32.14.3.rel1.win32_1.0.100.202602081740/tools/bin/../lib/gcc/arm-none-eabi/14.3.1/../../../../arm-none-eabi/lib/thumb/v7-m/nofp\libc_nano.a(libc_a-errno.o)
 .ARM.attributes
                0x00000773       0x2d D:/ST/STM32CubeIDE_2.1.1/STM32CubeIDE/plugins/com.st.stm32cube.ide.mcu.externaltools.gnu-tools-for-stm32.14.3.rel1.win32_1.0.100.202602081740/tools/bin/../lib/gcc/arm-none-eabi/14.3.1/../../../../arm-none-eabi/lib/thumb/v7-m/nofp\libc_nano.a(libc_a-init.o)
 .ARM.attributes
                0x000007a0       0x2d D:/ST/STM32CubeIDE_2.1.1/STM32CubeIDE/plugins/com.st.stm32cube.ide.mcu.externaltools.gnu-tools-for-stm32.14.3.rel1.win32_1.0.100.202602081740/tools/bin/../lib/gcc/arm-none-eabi/14.3.1/../../../../arm-none-eabi/lib/thumb/v7-m/nofp\libc_nano.a(libc_a-memcpy-stub.o)
 .ARM.attributes
                0x000007cd       0x1d D:/ST/STM32CubeIDE_2.1.1/STM32CubeIDE/plugins/com.st.stm32cube.ide.mcu.externaltools.gnu-tools-for-stm32.14.3.rel1.win32_1.0.100.202602081740/tools/bin/../lib/gcc/arm-none-eabi/14.3.1/thumb/v7-m/nofp\libgcc.a(_arm_addsubdf3.o)
 .ARM.attributes
                0x000007ea       0x1d D:/ST/STM32CubeIDE_2.1.1/STM32CubeIDE/plugins/com.st.stm32cube.ide.mcu.externaltools.gnu-tools-for-stm32.14.3.rel1.win32_1.0.100.202602081740/tools/bin/../lib/gcc/arm-none-eabi/14.3.1/thumb/v7-m/nofp\libgcc.a(_arm_muldivdf3.o)
 .ARM.attributes
                0x00000807       0x1d D:/ST/STM32CubeIDE_2.1.1/STM32CubeIDE/plugins/com.st.stm32cube.ide.mcu.externaltools.gnu-tools-for-stm32.14.3.rel1.win32_1.0.100.202602081740/tools/bin/../lib/gcc/arm-none-eabi/14.3.1/thumb/v7-m/nofp\libgcc.a(_arm_cmpdf2.o)
 .ARM.attributes
                0x00000824       0x1d D:/ST/STM32CubeIDE_2.1.1/STM32CubeIDE/plugins/com.st.stm32cube.ide.mcu.externaltools.gnu-tools-for-stm32.14.3.rel1.win32_1.0.100.202602081740/tools/bin/../lib/gcc/arm-none-eabi/14.3.1/thumb/v7-m/nofp\libgcc.a(_arm_unorddf2.o)
 .ARM.attributes
                0x00000841       0x1d D:/ST/STM32CubeIDE_2.1.1/STM32CubeIDE/plugins/com.st.stm32cube.ide.mcu.externaltools.gnu-tools-for-stm32.14.3.rel1.win32_1.0.100.202602081740/tools/bin/../lib/gcc/arm-none-eabi/14.3.1/thumb/v7-m/nofp\libgcc.a(_arm_fixdfsi.o)
 .ARM.attributes
                0x0000085e       0x1d D:/ST/STM32CubeIDE_2.1.1/STM32CubeIDE/plugins/com.st.stm32cube.ide.mcu.externaltools.gnu-tools-for-stm32.14.3.rel1.win32_1.0.100.202602081740/tools/bin/../lib/gcc/arm-none-eabi/14.3.1/thumb/v7-m/nofp\libgcc.a(_arm_truncdfsf2.o)
 .ARM.attributes
                0x0000087b       0x1d D:/ST/STM32CubeIDE_2.1.1/STM32CubeIDE/plugins/com.st.stm32cube.ide.mcu.externaltools.gnu-tools-for-stm32.14.3.rel1.win32_1.0.100.202602081740/tools/bin/../lib/gcc/arm-none-eabi/14.3.1/thumb/v7-m/nofp\libgcc.a(_arm_addsubsf3.o)
 .ARM.attributes
                0x00000898       0x1d D:/ST/STM32CubeIDE_2.1.1/STM32CubeIDE/plugins/com.st.stm32cube.ide.mcu.externaltools.gnu-tools-for-stm32.14.3.rel1.win32_1.0.100.202602081740/tools/bin/../lib/gcc/arm-none-eabi/14.3.1/thumb/v7-m/nofp\libgcc.a(_arm_muldivsf3.o)
 .ARM.attributes
                0x000008b5       0x1d D:/ST/STM32CubeIDE_2.1.1/STM32CubeIDE/plugins/com.st.stm32cube.ide.mcu.externaltools.gnu-tools-for-stm32.14.3.rel1.win32_1.0.100.202602081740/tools/bin/../lib/gcc/arm-none-eabi/14.3.1/thumb/v7-m/nofp\libgcc.a(_arm_cmpsf2.o)
 .ARM.attributes
                0x000008d2       0x1d D:/ST/STM32CubeIDE_2.1.1/STM32CubeIDE/plugins/com.st.stm32cube.ide.mcu.externaltools.gnu-tools-for-stm32.14.3.rel1.win32_1.0.100.202602081740/tools/bin/../lib/gcc/arm-none-eabi/14.3.1/thumb/v7-m/nofp\libgcc.a(_arm_fixunssfsi.o)
 .ARM.attributes
                0x000008ef       0x1d D:/ST/STM32CubeIDE_2.1.1/STM32CubeIDE/plugins/com.st.stm32cube.ide.mcu.externaltools.gnu-tools-for-stm32.14.3.rel1.win32_1.0.100.202602081740/tools/bin/../lib/gcc/arm-none-eabi/14.3.1/thumb/v7-m/nofp/crtn.o
OUTPUT(stab_controller.elf elf32-littlearm)
LOAD linker stubs
LOAD D:/ST/STM32CubeIDE_2.1.1/STM32CubeIDE/plugins/com.st.stm32cube.ide.mcu.externaltools.gnu-tools-for-stm32.14.3.rel1.win32_1.0.100.202602081740/tools/bin/../lib/gcc/arm-none-eabi/14.3.1/../../../../arm-none-eabi/lib/thumb/v7-m/nofp\libc.a
LOAD D:/ST/STM32CubeIDE_2.1.1/STM32CubeIDE/plugins/com.st.stm32cube.ide.mcu.externaltools.gnu-tools-for-stm32.14.3.rel1.win32_1.0.100.202602081740/tools/bin/../lib/gcc/arm-none-eabi/14.3.1/../../../../arm-none-eabi/lib/thumb/v7-m/nofp\libm.a
LOAD D:/ST/STM32CubeIDE_2.1.1/STM32CubeIDE/plugins/com.st.stm32cube.ide.mcu.externaltools.gnu-tools-for-stm32.14.3.rel1.win32_1.0.100.202602081740/tools/bin/../lib/gcc/arm-none-eabi/14.3.1/thumb/v7-m/nofp\libgcc.a

.debug_info     0x00000000    0x1bd21
 .debug_info    0x00000000      0xf4b ./Core/Src/BLDCMotor.o
 .debug_info    0x00000f4b      0x2d3 ./Core/Src/gpio.o
 .debug_info    0x0000121e      0x83b ./Core/Src/i2c.o
 .debug_info    0x00001a59      0xee2 ./Core/Src/main.o
 .debug_info    0x0000293b      0x3c7 ./Core/Src/stm32f1xx_hal_msp.o
 .debug_info    0x00002d02      0x11b ./Core/Src/stm32f1xx_it.o
 .debug_info    0x00002e1d      0x222 ./Core/Src/system_stm32f1xx.o
 .debug_info    0x0000303f      0xaab ./Core/Src/tim.o
 .debug_info    0x00003aea      0x82c ./Core/Src/usart.o
 .debug_info    0x00004316      0x6be ./Core/Src/common/base_classes/FOCMotor.o
 .debug_info    0x000049d4     0x16bd ./Core/Src/common/foc_utils.o
 .debug_info    0x00006091      0x1ee ./Core/Src/common/lowpass_filter.o
 .debug_info    0x0000627f      0x2b7 ./Core/Src/common/pid.o
 .debug_info    0x00006536       0xef ./Core/Src/common/time_utils.o
 .debug_info    0x00006625      0xd10 ./Core/Src/motor_drivers/BLDCDriver3PWM.o
 .debug_info    0x00007335       0x30 ./Core/Startup/startup_stm32f103rctx.o
 .debug_info    0x00007365      0x76a ./Drivers/STM32F1xx_HAL_Driver/Src/stm32f1xx_hal.o
 .debug_info    0x00007acf      0xaed ./Drivers/STM32F1xx_HAL_Driver/Src/stm32f1xx_hal_cortex.o
 .debug_info    0x000085bc      0x5ab ./Drivers/STM32F1xx_HAL_Driver/Src/stm32f1xx_hal_gpio.o
 .debug_info    0x00008b67     0x2524 ./Drivers/STM32F1xx_HAL_Driver/Src/stm32f1xx_hal_i2c.o
 .debug_info    0x0000b08b      0x7d5 ./Drivers/STM32F1xx_HAL_Driver/Src/stm32f1xx_hal_rcc.o
 .debug_info    0x0000b860     0x2959 ./Drivers/STM32F1xx_HAL_Driver/Src/stm32f1xx_hal_tim.o
 .debug_info    0x0000e1b9     0x149b ./Drivers/STM32F1xx_HAL_Driver/Src/stm32f1xx_hal_tim_ex.o
 .debug_info    0x0000f654     0x2eed ./Drivers/STM32F1xx_HAL_Driver/Src/stm32f1xx_hal_uart.o
 .debug_info    0x00012541     0x39db ./Middlewares/Third_Party/FreeRTOS/Source/CMSIS_RTOS_V2/cmsis_os2.o
 .debug_info    0x00015f1c      0x2af ./Middlewares/Third_Party/FreeRTOS/Source/list.o
 .debug_info    0x000161cb     0x1b79 ./Middlewares/Third_Party/FreeRTOS/Source/queue.o
 .debug_info    0x00017d44     0x21ec ./Middlewares/Third_Party/FreeRTOS/Source/tasks.o
 .debug_info    0x00019f30     0x1488 ./Middlewares/Third_Party/FreeRTOS/Source/timers.o
 .debug_info    0x0001b3b8      0x494 ./Middlewares/Third_Party/FreeRTOS/Source/portable/GCC/ARM_CM3/port.o
 .debug_info    0x0001b84c      0x4d5 ./Middlewares/Third_Party/FreeRTOS/Source/portable/MemMang/heap_4.o

.debug_abbrev   0x00000000     0x480f
 .debug_abbrev  0x00000000      0x487 ./Core/Src/BLDCMotor.o
 .debug_abbrev  0x00000487      0x13f ./Core/Src/gpio.o
 .debug_abbrev  0x000005c6      0x1e4 ./Core/Src/i2c.o
 .debug_abbrev  0x000007aa      0x3b0 ./Core/Src/main.o
 .debug_abbrev  0x00000b5a      0x11c ./Core/Src/stm32f1xx_hal_msp.o
 .debug_abbrev  0x00000c76       0xaa ./Core/Src/stm32f1xx_it.o
 .debug_abbrev  0x00000d20      0x13f ./Core/Src/system_stm32f1xx.o
 .debug_abbrev  0x00000e5f      0x27f ./Core/Src/tim.o
 .debug_abbrev  0x000010de      0x1f7 ./Core/Src/usart.o
 .debug_abbrev  0x000012d5      0x28d ./Core/Src/common/base_classes/FOCMotor.o
 .debug_abbrev  0x00001562      0x22e ./Core/Src/common/foc_utils.o
 .debug_abbrev  0x00001790      0x181 ./Core/Src/common/lowpass_filter.o
 .debug_abbrev  0x00001911      0x194 ./Core/Src/common/pid.o
 .debug_abbrev  0x00001aa5       0xad ./Core/Src/common/time_utils.o
 .debug_abbrev  0x00001b52      0x38f ./Core/Src/motor_drivers/BLDCDriver3PWM.o
 .debug_abbrev  0x00001ee1       0x24 ./Core/Startup/startup_stm32f103rctx.o
 .debug_abbrev  0x00001f05      0x201 ./Drivers/STM32F1xx_HAL_Driver/Src/stm32f1xx_hal.o
 .debug_abbrev  0x00002106      0x2f8 ./Drivers/STM32F1xx_HAL_Driver/Src/stm32f1xx_hal_cortex.o
 .debug_abbrev  0x000023fe      0x1ca ./Drivers/STM32F1xx_HAL_Driver/Src/stm32f1xx_hal_gpio.o
 .debug_abbrev  0x000025c8      0x2a3 ./Drivers/STM32F1xx_HAL_Driver/Src/stm32f1xx_hal_i2c.o
 .debug_abbrev  0x0000286b      0x2b3 ./Drivers/STM32F1xx_HAL_Driver/Src/stm32f1xx_hal_rcc.o
 .debug_abbrev  0x00002b1e      0x277 ./Drivers/STM32F1xx_HAL_Driver/Src/stm32f1xx_hal_tim.o
 .debug_abbrev  0x00002d95      0x282 ./Drivers/STM32F1xx_HAL_Driver/Src/stm32f1xx_hal_tim_ex.o
 .debug_abbrev  0x00003017      0x2f8 ./Drivers/STM32F1xx_HAL_Driver/Src/stm32f1xx_hal_uart.o
 .debug_abbrev  0x0000330f      0x508 ./Middlewares/Third_Party/FreeRTOS/Source/CMSIS_RTOS_V2/cmsis_os2.o
 .debug_abbrev  0x00003817       0xf5 ./Middlewares/Third_Party/FreeRTOS/Source/list.o
 .debug_abbrev  0x0000390c      0x3b6 ./Middlewares/Third_Party/FreeRTOS/Source/queue.o
 .debug_abbrev  0x00003cc2      0x386 ./Middlewares/Third_Party/FreeRTOS/Source/tasks.o
 .debug_abbrev  0x00004048      0x352 ./Middlewares/Third_Party/FreeRTOS/Source/timers.o
 .debug_abbrev  0x0000439a      0x258 ./Middlewares/Third_Party/FreeRTOS/Source/portable/GCC/ARM_CM3/port.o
 .debug_abbrev  0x000045f2      0x21d ./Middlewares/Third_Party/FreeRTOS/Source/portable/MemMang/heap_4.o

.debug_aranges  0x00000000     0x1870
 .debug_aranges
                0x00000000       0x88 ./Core/Src/BLDCMotor.o
 .debug_aranges
                0x00000088       0x20 ./Core/Src/gpio.o
 .debug_aranges
                0x000000a8       0x38 ./Core/Src/i2c.o
 .debug_aranges
                0x000000e0       0x38 ./Core/Src/main.o
 .debug_aranges
                0x00000118       0x20 ./Core/Src/stm32f1xx_hal_msp.o
 .debug_aranges
                0x00000138       0x50 ./Core/Src/stm32f1xx_it.o
 .debug_aranges
                0x00000188       0x28 ./Core/Src/system_stm32f1xx.o
 .debug_aranges
                0x000001b0       0x48 ./Core/Src/tim.o
 .debug_aranges
                0x000001f8       0x30 ./Core/Src/usart.o
 .debug_aranges
                0x00000228       0x38 ./Core/Src/common/base_classes/FOCMotor.o
 .debug_aranges
                0x00000260       0x40 ./Core/Src/common/foc_utils.o
 .debug_aranges
                0x000002a0       0x28 ./Core/Src/common/lowpass_filter.o
 .debug_aranges
                0x000002c8       0x28 ./Core/Src/common/pid.o
 .debug_aranges
                0x000002f0       0x28 ./Core/Src/common/time_utils.o
 .debug_aranges
                0x00000318       0x78 ./Core/Src/motor_drivers/BLDCDriver3PWM.o
 .debug_aranges
                0x00000390       0x28 ./Core/Startup/startup_stm32f103rctx.o
 .debug_aranges
                0x000003b8       0xe0 ./Drivers/STM32F1xx_HAL_Driver/Src/stm32f1xx_hal.o
 .debug_aranges
                0x00000498      0x100 ./Drivers/STM32F1xx_HAL_Driver/Src/stm32f1xx_hal_cortex.o
 .debug_aranges
                0x00000598       0x58 ./Drivers/STM32F1xx_HAL_Driver/Src/stm32f1xx_hal_gpio.o
 .debug_aranges
                0x000005f0      0x2a8 ./Drivers/STM32F1xx_HAL_Driver/Src/stm32f1xx_hal_i2c.o
 .debug_aranges
                0x00000898       0x90 ./Drivers/STM32F1xx_HAL_Driver/Src/stm32f1xx_hal_rcc.o
 .debug_aranges
                0x00000928      0x3d0 ./Drivers/STM32F1xx_HAL_Driver/Src/stm32f1xx_hal_tim.o
 .debug_aranges
                0x00000cf8      0x168 ./Drivers/STM32F1xx_HAL_Driver/Src/stm32f1xx_hal_tim_ex.o
 .debug_aranges
                0x00000e60      0x208 ./Drivers/STM32F1xx_HAL_Driver/Src/stm32f1xx_hal_uart.o
 .debug_aranges
                0x00001068      0x2a8 ./Middlewares/Third_Party/FreeRTOS/Source/CMSIS_RTOS_V2/cmsis_os2.o
 .debug_aranges
                0x00001310       0x40 ./Middlewares/Third_Party/FreeRTOS/Source/list.o
 .debug_aranges
                0x00001350      0x158 ./Middlewares/Third_Party/FreeRTOS/Source/queue.o
 .debug_aranges
                0x000014a8      0x208 ./Middlewares/Third_Party/FreeRTOS/Source/tasks.o
 .debug_aranges
                0x000016b0       0xf0 ./Middlewares/Third_Party/FreeRTOS/Source/timers.o
 .debug_aranges
                0x000017a0       0x78 ./Middlewares/Third_Party/FreeRTOS/Source/portable/GCC/ARM_CM3/port.o
 .debug_aranges
                0x00001818       0x58 ./Middlewares/Third_Party/FreeRTOS/Source/portable/MemMang/heap_4.o

.debug_rnglists
                0x00000000     0x1303
 .debug_rnglists
                0x00000000       0x68 ./Core/Src/BLDCMotor.o
 .debug_rnglists
                0x00000068       0x14 ./Core/Src/gpio.o
 .debug_rnglists
                0x0000007c       0x26 ./Core/Src/i2c.o
 .debug_rnglists
                0x000000a2       0x27 ./Core/Src/main.o
 .debug_rnglists
                0x000000c9       0x13 ./Core/Src/stm32f1xx_hal_msp.o
 .debug_rnglists
                0x000000dc       0x37 ./Core/Src/stm32f1xx_it.o
 .debug_rnglists
                0x00000113       0x1a ./Core/Src/system_stm32f1xx.o
 .debug_rnglists
                0x0000012d       0x36 ./Core/Src/tim.o
 .debug_rnglists
                0x00000163       0x20 ./Core/Src/usart.o
 .debug_rnglists
                0x00000183       0x26 ./Core/Src/common/base_classes/FOCMotor.o
 .debug_rnglists
                0x000001a9       0x2d ./Core/Src/common/foc_utils.o
 .debug_rnglists
                0x000001d6       0x1a ./Core/Src/common/lowpass_filter.o
 .debug_rnglists
                0x000001f0       0x1a ./Core/Src/common/pid.o
 .debug_rnglists
                0x0000020a       0x19 ./Core/Src/common/time_utils.o
 .debug_rnglists
                0x00000223       0x56 ./Core/Src/motor_drivers/BLDCDriver3PWM.o
 .debug_rnglists
                0x00000279       0x19 ./Core/Startup/startup_stm32f103rctx.o
 .debug_rnglists
                0x00000292       0xa3 ./Drivers/STM32F1xx_HAL_Driver/Src/stm32f1xx_hal.o
 .debug_rnglists
                0x00000335       0xbb ./Drivers/STM32F1xx_HAL_Driver/Src/stm32f1xx_hal_cortex.o
 .debug_rnglists
                0x000003f0       0x3f ./Drivers/STM32F1xx_HAL_Driver/Src/stm32f1xx_hal_gpio.o
 .debug_rnglists
                0x0000042f      0x23c ./Drivers/STM32F1xx_HAL_Driver/Src/stm32f1xx_hal_i2c.o
 .debug_rnglists
                0x0000066b       0x6c ./Drivers/STM32F1xx_HAL_Driver/Src/stm32f1xx_hal_rcc.o
 .debug_rnglists
                0x000006d7      0x31a ./Drivers/STM32F1xx_HAL_Driver/Src/stm32f1xx_hal_tim.o
 .debug_rnglists
                0x000009f1      0x125 ./Drivers/STM32F1xx_HAL_Driver/Src/stm32f1xx_hal_tim_ex.o
 .debug_rnglists
                0x00000b16      0x1bc ./Drivers/STM32F1xx_HAL_Driver/Src/stm32f1xx_hal_uart.o
 .debug_rnglists
                0x00000cd2      0x20c ./Middlewares/Third_Party/FreeRTOS/Source/CMSIS_RTOS_V2/cmsis_os2.o
 .debug_rnglists
                0x00000ede       0x2b ./Middlewares/Third_Party/FreeRTOS/Source/list.o
 .debug_rnglists
                0x00000f09      0x109 ./Middlewares/Third_Party/FreeRTOS/Source/queue.o
 .debug_rnglists
                0x00001012      0x1a0 ./Middlewares/Third_Party/FreeRTOS/Source/tasks.o
 .debug_rnglists
                0x000011b2       0xb8 ./Middlewares/Third_Party/FreeRTOS/Source/timers.o
 .debug_rnglists
                0x0000126a       0x57 ./Middlewares/Third_Party/FreeRTOS/Source/portable/GCC/ARM_CM3/port.o
 .debug_rnglists
                0x000012c1       0x42 ./Middlewares/Third_Party/FreeRTOS/Source/portable/MemMang/heap_4.o

.debug_macro    0x00000000    0x1d972
 .debug_macro   0x00000000      0x387 ./Core/Src/BLDCMotor.o
 .debug_macro   0x00000387      0xba4 ./Core/Src/BLDCMotor.o
 .debug_macro   0x00000f2b      0x221 ./Core/Src/BLDCMotor.o
 .debug_macro   0x0000114c       0x2e ./Core/Src/BLDCMotor.o
 .debug_macro   0x0000117a       0x22 ./Core/Src/BLDCMotor.o
 .debug_macro   0x0000119c       0x1c ./Core/Src/BLDCMotor.o
 .debug_macro   0x000011b8       0x22 ./Core/Src/BLDCMotor.o
 .debug_macro   0x000011da       0x8e ./Core/Src/BLDCMotor.o
 .debug_macro   0x00001268       0x51 ./Core/Src/BLDCMotor.o
 .debug_macro   0x000012b9      0x103 ./Core/Src/BLDCMotor.o
 .debug_macro   0x000013bc       0x6a ./Core/Src/BLDCMotor.o
 .debug_macro   0x00001426      0x1df ./Core/Src/BLDCMotor.o
 .debug_macro   0x00001605       0x1c ./Core/Src/BLDCMotor.o
 .debug_macro   0x00001621       0x22 ./Core/Src/BLDCMotor.o
 .debug_macro   0x00001643       0xbd ./Core/Src/BLDCMotor.o
 .debug_macro   0x00001700      0xd23 ./Core/Src/BLDCMotor.o
 .debug_macro   0x00002423     0xfd8c ./Core/Src/BLDCMotor.o
 .debug_macro   0x000121af       0x6d ./Core/Src/BLDCMotor.o
 .debug_macro   0x0001221c     0x34a2 ./Core/Src/BLDCMotor.o
 .debug_macro   0x000156be      0x197 ./Core/Src/BLDCMotor.o
 .debug_macro   0x00015855       0x5c ./Core/Src/BLDCMotor.o
 .debug_macro   0x000158b1      0x5bc ./Core/Src/BLDCMotor.o
 .debug_macro   0x00015e6d      0x4d5 ./Core/Src/BLDCMotor.o
 .debug_macro   0x00016342      0x1cb ./Core/Src/BLDCMotor.o
 .debug_macro   0x0001650d      0x114 ./Core/Src/BLDCMotor.o
 .debug_macro   0x00016621      0x1ea ./Core/Src/BLDCMotor.o
 .debug_macro   0x0001680b       0x27 ./Core/Src/BLDCMotor.o
 .debug_macro   0x00016832      0x144 ./Core/Src/BLDCMotor.o
 .debug_macro   0x00016976      0x1bc ./Core/Src/BLDCMotor.o
 .debug_macro   0x00016b32       0x30 ./Core/Src/BLDCMotor.o
 .debug_macro   0x00016b62       0x3c ./Core/Src/BLDCMotor.o
 .debug_macro   0x00016b9e       0x57 ./Core/Src/BLDCMotor.o
 .debug_macro   0x00016bf5       0x87 ./Core/Src/BLDCMotor.o
 .debug_macro   0x00016c7c      0x24f ./Core/Src/BLDCMotor.o
 .debug_macro   0x00016ecb      0x287 ./Core/Src/BLDCMotor.o
 .debug_macro   0x00017152      0x140 ./Core/Src/BLDCMotor.o
 .debug_macro   0x00017292      0x8ed ./Core/Src/BLDCMotor.o
 .debug_macro   0x00017b7f      0x28e ./Core/Src/BLDCMotor.o
 .debug_macro   0x00017e0d       0xb5 ./Core/Src/BLDCMotor.o
 .debug_macro   0x00017ec2       0x64 ./Core/Src/BLDCMotor.o
 .debug_macro   0x00017f26       0x46 ./Core/Src/BLDCMotor.o
 .debug_macro   0x00017f6c      0x1f2 ./Core/Src/BLDCMotor.o
 .debug_macro   0x0001815e       0x10 ./Core/Src/BLDCMotor.o
 .debug_macro   0x0001816e      0x4fe ./Core/Src/BLDCMotor.o
 .debug_macro   0x0001866c      0x5e5 ./Core/Src/BLDCMotor.o
 .debug_macro   0x00018c51       0x12 ./Core/Src/BLDCMotor.o
 .debug_macro   0x00018c63       0x61 ./Core/Src/BLDCMotor.o
 .debug_macro   0x00018cc4       0x24 ./Core/Src/BLDCMotor.o
 .debug_macro   0x00018ce8       0x43 ./Core/Src/BLDCMotor.o
 .debug_macro   0x00018d2b       0x34 ./Core/Src/BLDCMotor.o
 .debug_macro   0x00018d5f      0x380 ./Core/Src/BLDCMotor.o
 .debug_macro   0x000190df       0x16 ./Core/Src/BLDCMotor.o
 .debug_macro   0x000190f5       0x4a ./Core/Src/BLDCMotor.o
 .debug_macro   0x0001913f       0x34 ./Core/Src/BLDCMotor.o
 .debug_macro   0x00019173       0x10 ./Core/Src/BLDCMotor.o
 .debug_macro   0x00019183       0x58 ./Core/Src/BLDCMotor.o
 .debug_macro   0x000191db       0x8e ./Core/Src/BLDCMotor.o
 .debug_macro   0x00019269       0x16 ./Core/Src/BLDCMotor.o
 .debug_macro   0x0001927f      0x17e ./Core/Src/BLDCMotor.o
 .debug_macro   0x000193fd      0x194 ./Core/Src/BLDCMotor.o
 .debug_macro   0x00019591       0x10 ./Core/Src/BLDCMotor.o
 .debug_macro   0x000195a1       0x16 ./Core/Src/BLDCMotor.o
 .debug_macro   0x000195b7       0x3c ./Core/Src/BLDCMotor.o
 .debug_macro   0x000195f3       0x16 ./Core/Src/BLDCMotor.o
 .debug_macro   0x00019609       0x29 ./Core/Src/BLDCMotor.o
 .debug_macro   0x00019632       0x10 ./Core/Src/BLDCMotor.o
 .debug_macro   0x00019642       0x16 ./Core/Src/BLDCMotor.o
 .debug_macro   0x00019658      0x4f5 ./Core/Src/BLDCMotor.o
 .debug_macro   0x00019b4d      0x1c1 ./Core/Src/gpio.o
 .debug_macro   0x00019d0e      0x1c1 ./Core/Src/i2c.o
 .debug_macro   0x00019ecf      0x277 ./Core/Src/main.o
 .debug_macro   0x0001a146      0x1b7 ./Core/Src/stm32f1xx_hal_msp.o
 .debug_macro   0x0001a2fd      0x229 ./Core/Src/stm32f1xx_it.o
 .debug_macro   0x0001a526      0x130 ./Core/Src/stm32f1xx_it.o
 .debug_macro   0x0001a656      0x1ad ./Core/Src/system_stm32f1xx.o
 .debug_macro   0x0001a803      0x1c1 ./Core/Src/tim.o
 .debug_macro   0x0001a9c4      0x1c1 ./Core/Src/usart.o
 .debug_macro   0x0001ab85      0x1fe ./Core/Src/common/base_classes/FOCMotor.o
 .debug_macro   0x0001ad83      0x1af ./Core/Src/common/foc_utils.o
 .debug_macro   0x0001af32      0x1d5 ./Core/Src/common/lowpass_filter.o
 .debug_macro   0x0001b107      0x1cf ./Core/Src/common/pid.o
 .debug_macro   0x0001b2d6      0x1bc ./Core/Src/common/time_utils.o
 .debug_macro   0x0001b492      0x333 ./Core/Src/motor_drivers/BLDCDriver3PWM.o
 .debug_macro   0x0001b7c5      0x1d1 ./Drivers/STM32F1xx_HAL_Driver/Src/stm32f1xx_hal.o
 .debug_macro   0x0001b996      0x1ad ./Drivers/STM32F1xx_HAL_Driver/Src/stm32f1xx_hal_cortex.o
 .debug_macro   0x0001bb43      0x218 ./Drivers/STM32F1xx_HAL_Driver/Src/stm32f1xx_hal_gpio.o
 .debug_macro   0x0001bd5b      0x1fb ./Drivers/STM32F1xx_HAL_Driver/Src/stm32f1xx_hal_i2c.o
 .debug_macro   0x0001bf56      0x1bf ./Drivers/STM32F1xx_HAL_Driver/Src/stm32f1xx_hal_rcc.o