D:/work/my_stabilization_project/storm_stab/stab_controller/Core/Src/common/base_classes/BLDCDriver.h:13:21:virtual int BLDCDriver::init()	16	static
D:/work/my_stabilization_project/storm_stab/stab_controller/Core/Src/common/base_classes/BLDCDriver.h:15:22:virtual void BLDCDriver::enable()	16	static
D:/work/my_stabilization_project/storm_stab/stab_controller/Core/Src/common/base_classes/BLDCDriver.h:17:22:virtual void BLDCDriver::disable()	16	static
D:/work/my_stabilization_project/storm_stab/stab_controller/Core/Src/common/base_classes/BLDCDriver.h:30:22:virtual void BLDCDriver::setPwm(float, float, float)	24	static
D:/work/my_stabilization_project/storm_stab/stab_controller/Core/Src/common/base_classes/BLDCDriver.h:9:7:BLDCDriver::BLDCDriver()	16	static
../Core/Src/motor_drivers/BLDCDriver3PWM.cpp:6:1:BLDCDriver3PWM::BLDCDriver3PWM(TIM_HandleTypeDef*, uint32_t, TIM_HandleTypeDef*, uint32_t, TIM_HandleTypeDef*, uint32_t)	24	static
../Core/Src/motor_drivers/BLDCDriver3PWM.cpp:15:5:virtual int BLDCDriver3PWM::init()	16	static
../Core/Src/motor_drivers/BLDCDriver3PWM.cpp:29:6:virtual void BLDCDriver3PWM::enable()	16	static
../Core/Src/motor_drivers/BLDCDriver3PWM.cpp:34:6:virtual void BLDCDriver3PWM::disable()	16	static
../Core/Src/motor_drivers/BLDCDriver3PWM.cpp:39:6:virtual void BLDCDriver3PWM::setPwm(float, float, float)	40	static
