D:\ST\STM32CubeIDE_2.1.1\STM32CubeIDE\plugins\com.st.stm32cube.ide.mcu.externaltools.gnu-tools-for-stm32.14.3.rel1.win32_1.0.100.202602081740\tools\bin/../lib/gcc/arm-none-eabi/14.3.1/../../../../arm-none-eabi/include/c++/14.3.1/bits/std_abs.h:75:3:constexpr float std::abs(float)	16	static
../Core/Src/BLDCMotor.cpp:32:1:BLDCMotor::BLDCMotor(int)	16	static
../Core/Src/BLDCMotor.cpp:43:6:void BLDCMotor::linkDriver(BLDCDriver*)	16	static
../Core/Src/BLDCMotor.cpp:48:6:virtual void BLDCMotor::init()	16	static
../Core/Src/BLDCMotor.cpp:67:6:virtual void BLDCMotor::disable()	24	static
../Core/Src/BLDCMotor.cpp:75:6:virtual void BLDCMotor::enable()	24	static
../Core/Src/BLDCMotor.cpp:88:6:virtual int BLDCMotor::initFOC(float, Direction)	32	static
../Core/Src/BLDCMotor.cpp:108:5:int BLDCMotor::alignSensor()	48	static
../Core/Src/BLDCMotor.cpp:156:5:int BLDCMotor::absoluteZeroAlign()	32	static
../Core/Src/BLDCMotor.cpp:186:6:virtual void BLDCMotor::loopFOC()	24	static
../Core/Src/BLDCMotor.cpp:198:6:virtual void BLDCMotor::move(float)	24	static
../Core/Src/BLDCMotor.cpp:243:6:void BLDCMotor::setPhaseVoltage(float, float, float)	72	static
../Core/Src/BLDCMotor.cpp:400:6:void BLDCMotor::velocityOpenloop(float)	32	static
../Core/Src/BLDCMotor.cpp:419:6:void BLDCMotor::angleOpenloop(float)	32	static
