../Core/Src/main.cpp:49:5:int _write(int, char*, int)	24	static
../Core/Src/main.cpp:55:6:void Error_Handler()	4	static,ignoring_inline_asm
../Core/Src/main.cpp:68:6:void Stabilization_Init()	8	static
../Core/Src/main.cpp:79:6:void SystemClock_Config()	72	static
../Core/Src/main.cpp:148:6:void MPU6050_Task(void*)	56	static
../Core/Src/main.cpp:226:6:void StartFFT_Task(void*)	576	static
../Core/Src/main.cpp:264:6:void MotorTask(void*)	600	static
../Core/Src/main.cpp:415:6:void I2C_ScanExternalBus(I2C_HandleTypeDef*)	32	static
../Core/Src/main.cpp:454:6:void I2CScanTask(void*)	16	static
../Core/Src/main.cpp:464:6:void Test_Mot0_PWM()	16	static
../Core/Src/main.cpp:499:5:int main()	88	static
../Core/Src/main.cpp:579:1:void __static_initialization_and_destruction_0()	24	static
../Core/Src/main.cpp:579:1:cpp)	8	static
