../Core/Src/main.cpp:36:5:int _write(int, char*, int)	24	static
../Core/Src/main.cpp:42:6:void Error_Handler()	4	static,ignoring_inline_asm
../Core/Src/main.cpp:49:6:void SystemClock_Config()	72	static
../Core/Src/main.cpp:118:6:void MPU6050_Task(void*)	56	static
../Core/Src/main.cpp:193:6:void MotorTask(void*)	72	static
../Core/Src/main.cpp:329:6:void I2C_ScanExternalBus(I2C_HandleTypeDef*)	32	static
../Core/Src/main.cpp:368:6:void I2CScanTask(void*)	16	static
../Core/Src/main.cpp:378:6:void Test_Mot0_PWM()	16	static
../Core/Src/main.cpp:413:5:int main()	48	static
../Core/Src/main.cpp:478:1:void __static_initialization_and_destruction_0()	24	static
../Core/Src/main.cpp:478:1:cpp)	8	static
